
Opening input/output transcript to file "C:\Users\radie\Desktop\1_TrainingSIMS\realbifurcationSIM\\fluent-20260222-210948-27200.trn".
Auto-Transcript Start Time:  21:09:48, 22 Feb 2026 E. Australia Standard Time 

              Welcome to ANSYS Fluent 2025 R2.04

              Copyright 1987-2025 ANSYS, Inc. All Rights Reserved.
              Unauthorized use, distribution or duplication is prohibited.
              This product is subject to U.S. laws governing export and re-export.
              For full Legal Notice, see documentation.

Build Time: Oct  7 2025 15:34:38 EDT  Build Id: 10205  
 
Connected License Server List:	1055@localhost

     --------------------------------------------------------------
     This is an academic version of ANSYS FLUENT. Usage of this product
     license is limited to the terms and conditions specified in your ANSYS
     license form, additional terms section.
     --------------------------------------------------------------
Host spawning Node 0 on machine "DESKTOP-BBN4MI6" (win64).

-----------------------------------------------------------------------------------
ID    Hostname         Core  O.S.         PID    Vendor                           
-----------------------------------------------------------------------------------
n3    DESKTOP-BBN4MI6  4/12  Windows-x64  29548  Intel(R) Core(TM) i5-10400F      
n2    DESKTOP-BBN4MI6  3/12  Windows-x64  18024  Intel(R) Core(TM) i5-10400F      
n1    DESKTOP-BBN4MI6  2/12  Windows-x64  29068  Intel(R) Core(TM) i5-10400F      
n0*   DESKTOP-BBN4MI6  1/12  Windows-x64  3116   Intel(R) Core(TM) i5-10400F      
host  DESKTOP-BBN4MI6        Windows-x64  13964  Intel(R) Core(TM) i5-10400F      

MPI Option Selected: intel
Selected system interconnect: default
-----------------------------------------------------------------------------------

Cleanup script file is C:\\Users\\radie\\Desktop\\1_TrainingSIMS\\realbifurcationSIM\\cleanup-fluent-DESKTOP-BBN4MI6-13964.bat

Posting ANSYS Product Improvement Program startup data
Done.

Reading journal file results/coronary_extracted_vessel/Re200/run_coronary_extracted_vessel_Re200.jou...

> ; ===========================================================
; bifurcation_template_robust.jou  (BATCH-SAFE EXPORT FIX)
; Validated for ANSYS Fluent 2025 R2 (25.2)
; Mesh -> laminar -> water-liquid -> BCs -> iterate -> export
; ===========================================================

/file/set-tui-version "25.2"

> /file/set-batch-options yes no yes

> ; overwrite files? yes
; hide questions?  no   (keep no because BC sections still use scripted responses)
; exit on error?   yes

define/                 parametric-study/       solve/
display/                plot/                   surface/
exit                    preferences/            switch-to-meshing-mode
file/                   print-license-usage     turbo-setup/
mesh/                   report/                 views/
parallel/               server/

> ; Prevent overwrite prompts during export/write
/file/confirm-overwrite? no

> 
define/                 parametric-study/       solve/
display/                plot/                   surface/
exit                    preferences/            switch-to-meshing-mode
file/                   print-license-usage     turbo-setup/
mesh/                   report/                 views/
parallel/               server/

> /file/read-case "coronary_extracted_vessel.msh"Multicore SMT processors detected. Processor affinity set!

Reading "coronary_extracted_vessel.msh"...

Buffering for file scan...

Warning: Skipping edges zones section(s).
   24258 nodes.
   30106 nodes.
  156879 nodes.
   57325 triangular wall faces, zone 19.
    1031 mixed velocity-inlet faces, zone 20.
     709 mixed pressure-outlet faces, zone 21.
     267 mixed pressure-outlet faces, zone 22.
 1220320 mixed interior faces, zone 3117.
  567668 mixed cells, zone 3115.

Building...
     mesh
	auto partitioning mesh by Metis (fast),
	distributing mesh
		parts....,
		faces....,
		nodes....,
		cells....,
        bandwidth reduction using Reverse Cuthill-McKee: 140694/1073 = 131.122
     materials,
     interface,
     domains,
     zones,
	Skipping thread 11 of domain 1 (not referenced by grid).
	Skipping thread 14 of domain 1 (not referenced by grid).
	Skipping thread 15 of domain 1 (not referenced by grid).
	Skipping thread 16 of domain 1 (not referenced by grid).
	Skipping thread 17 of domain 1 (not referenced by grid).
	Skipping thread 18 of domain 1 (not referenced by grid).
	wall-fluid_domain
	inlet
	outlet_1
	outlet_2
	interior--fluid_domain
	fluid_domain
     parallel,
Done.
Mesh is now scaled to meters.


> 
adjoint/                parallel/               server/
define/                 parametric-study/       solve/
display/                plot/                   surface/
exit                    preferences/            turbo-setup/
file/                   print-license-usage     views/
mesh/                   report/

> ; ---------- Models ----------
/define/models/solver/pressure-based yes

> /define/models/viscous/laminar yes

> 
adjoint/                parallel/               server/
define/                 parametric-study/       solve/
display/                plot/                   surface/
exit                    preferences/            turbo-setup/
file/                   print-license-usage     views/
mesh/                   report/

> ; ---------- Materials ----------
/define/materials/copy fluid water-liquid

Material "water-liquid" copied from database: fluent-database.


> /define/boundary-conditions/fluid (fluid_domain)
fluid_domain yes water-liquid
Specify source terms? [no] no
Specify fixed values? [no] no
Frame Motion? [no] no
Use Profile for Reference Frame X-Origin of Rotation-Axis? [no] no
Reference Frame X-Origin of Rotation-Axis (constant or expression) (in [m]) [0] 0
Use Profile for Reference Frame Y-Origin of Rotation-Axis? [no] no
Reference Frame Y-Origin of Rotation-Axis (constant or expression) (in [m]) [0] 0
Use Profile for Reference Frame Z-Origin of Rotation-Axis? [no] no
Reference Frame Z-Origin of Rotation-Axis (constant or expression) (in [m]) [0] 0
Use Profile for Reference Frame X-Component of Rotation-Axis? [no] no
Reference Frame X-Component of Rotation-Axis (constant or expression) [0] 0
Use Profile for Reference Frame Y-Component of Rotation-Axis? [no] no
Reference Frame Y-Component of Rotation-Axis (constant or expression) [0] 0
Use Profile for Reference Frame Z-Component of Rotation-Axis? [no] no
Reference Frame Z-Component of Rotation-Axis (constant or expression) [1] 1
Mesh Motion? [no] no
Enter yes or no to continue [no] no
Porous zone? [no] no
3D Fan Zone? [no] no

> 
adjoint/                parallel/               server/
define/                 parametric-study/       solve/
display/                plot/                   surface/
exit                    preferences/            turbo-setup/
file/                   print-license-usage     views/
mesh/                   report/

> ; ---------- Boundary Conditions ----------
; INLET
/define/boundary-conditions/velocity-inlet (inlet)
inlet
Velocity Specification Method: Magnitude and Direction [no] no
Velocity Specification Method: Components [no] no
Velocity Specification Method: Magnitude, Normal to Boundary [yes] yes
Reference Frame: Absolute [yes] yes
Use Profile for Velocity Magnitude? [no] no
Velocity Magnitude (constant or expression) (in [m/s]) [0] 0.059968335884539495
Use Profile for Supersonic/Initial Gauge Pressure? [no] no
Supersonic/Initial Gauge Pressure (constant or expression) (in [Pa]) [0] 0

> 
adjoint/                parallel/               server/
define/                 parametric-study/       solve/
display/                plot/                   surface/
exit                    preferences/            turbo-setup/
file/                   print-license-usage     views/
mesh/                   report/

> ; OUTLETS
/define/boundary-conditions/pressure-outlet (outlet_2 outlet_1)
outlet_1
Backflow Reference Frame: Absolute [yes] yes
Use Profile for Gauge Pressure? [no] no
Gauge Pressure (constant or expression) (in [Pa]) [0] 0
Backflow Direction Specification Method: Direction Vector [no] no
Backflow Direction Specification Method: Normal to Boundary [yes] yes
Backflow Pressure Specification: Total Pressure [yes] yes
Radial Equilibrium Pressure Distribution [no] no
Average Pressure Specification? [no] no
Specify targeted mass flow rate [no] no

> 
adjoint/                parallel/               server/
define/                 parametric-study/       solve/
display/                plot/                   surface/
exit                    preferences/            turbo-setup/
file/                   print-license-usage     views/
mesh/                   report/

> /define/boundary-conditions/pressure-outlet (outlet_2 outlet_1)
outlet_2
Backflow Reference Frame: Absolute [yes] yes
Use Profile for Gauge Pressure? [no] no
Gauge Pressure (constant or expression) (in [Pa]) [0] 0
Backflow Direction Specification Method: Direction Vector [no] no
Backflow Direction Specification Method: Normal to Boundary [yes] yes
Backflow Pressure Specification: Total Pressure [yes] yes
Radial Equilibrium Pressure Distribution [no] no
Average Pressure Specification? [no] no
Specify targeted mass flow rate [no] no

> 
adjoint/                parallel/               server/
define/                 parametric-study/       solve/
display/                plot/                   surface/
exit                    preferences/            turbo-setup/
file/                   print-license-usage     views/
mesh/                   report/

> ; WALLS
/define/boundary-conditions/wall (wall-fluid_domain)
wall-fluid_domain
Wall Motion [motion-bc-stationary]: Change current value? [no] no
Shear Boundary Condition [shear-bc-noslip]: Change current value? [no] no

> 
adjoint/                parallel/               server/
define/                 parametric-study/       solve/
display/                plot/                   surface/
exit                    preferences/            turbo-setup/
file/                   print-license-usage     views/
mesh/                   report/

> ; ---------- Solution Methods ----------
/solve/set/p-v-coupling 24

> /solve/set/discretization-scheme/pressure 12

> /solve/set/discretization-scheme/mom 4

> 
adjoint/                parallel/               server/
define/                 parametric-study/       solve/
display/                plot/                   surface/
exit                    preferences/            turbo-setup/
file/                   print-license-usage     views/
mesh/                   report/

> ; ---------- Solution Controls ----------
/solve/monitors/residual/convergence-criteria 1e-6 1e-5 1e-5 1e-5

> /solve/monitors/residual/print? yes

> 
adjoint/                parallel/               server/
define/                 parametric-study/       solve/
display/                plot/                   surface/
exit                    preferences/            turbo-setup/
file/                   print-license-usage     views/
mesh/                   report/

> ; ---------- Initialization ----------
/solve/initialize/compute-defaults/velocity-inlet (inlet)
inlet

> /solve/initialize/initialize-flow

> 
adjoint/                parallel/               server/
define/                 parametric-study/       solve/
display/                plot/                   surface/
exit                    preferences/            turbo-setup/
file/                   print-license-usage     views/
mesh/                   report/

> ; ---------- Solve ----------
/solve/iterate 2500

  iter  continuity  x-velocity  y-velocity  z-velocity     time/iter

 Reversed flow on 709 faces (100.0% area) of pressure-outlet 21.
     1  1.0000e+00  8.4444e-03  1.0811e-02  2.6724e-03  1:36:23 2499

 Reversed flow on 213 faces (12.8% area) of pressure-outlet 21.
     2  7.5918e-01  1.2446e-02  1.6453e-02  5.6507e-03  1:28:22 2498

 Reversed flow on 252 faces (15.2% area) of pressure-outlet 21.
     3  3.5463e-01  4.6317e-03  5.5389e-03  3.3144e-03  1:21:27 2497

 Reversed flow on 190 faces (10.1% area) of pressure-outlet 21.
     4  2.2845e-01  2.2103e-03  2.4322e-03  2.0658e-03  1:15:59 2496

 Reversed flow on 124 faces (5.8% area) of pressure-outlet 21.
     5  1.6658e-01  1.2686e-03  1.2814e-03  1.4136e-03  1:14:26 2495

 Reversed flow on 84 faces (3.9% area) of pressure-outlet 21.
     6  1.3433e-01  8.4056e-04  8.0565e-04  1.0350e-03  1:10:24 2494

 Reversed flow on 50 faces (2.2% area) of pressure-outlet 21.
     7  1.0906e-01  6.1324e-04  5.6145e-04  7.9872e-04  1:07:02 2493

 Reversed flow on 34 faces (1.3% area) of pressure-outlet 21.
     8  8.9275e-02  4.7914e-04  4.2995e-04  6.4292e-04  1:04:19 2492

 Reversed flow on 25 faces (1.0% area) of pressure-outlet 21.
     9  7.3598e-02  3.9176e-04  3.4963e-04  5.3414e-04  1:02:10 2491

 Reversed flow on 16 faces (0.6% area) of pressure-outlet 21.
    10  6.1450e-02  3.2954e-04  2.9448e-04  4.5395e-04  1:03:22 2490

 Reversed flow on 10 faces (0.2% area) of pressure-outlet 21.
    11  5.3706e-02  2.9051e-04  2.6214e-04  3.9880e-04  1:01:25 2489

 Reversed flow on 6 faces (0.1% area) of pressure-outlet 21.

  iter  continuity  x-velocity  y-velocity  z-velocity     time/iter
    12  4.6044e-02  2.5413e-04  2.3018e-04  3.4237e-04  1:02:41 2488

 Reversed flow on 6 faces (0.1% area) of pressure-outlet 21.
    13  4.1431e-02  2.3273e-04  2.1279e-04  3.0662e-04  1:03:43 2487

 Reversed flow on 6 faces (0.1% area) of pressure-outlet 21.
    14  3.7645e-02  2.1373e-04  1.9516e-04  2.7087e-04  1:04:29 2486

 Reversed flow on 6 faces (0.1% area) of pressure-outlet 21.
    15  3.4502e-02  1.9822e-04  1.8154e-04  2.4210e-04  1:05:15 2485

 Reversed flow on 6 faces (0.1% area) of pressure-outlet 21.
    16  3.1835e-02  1.8416e-04  1.6979e-04  2.1831e-04  1:02:54 2484

 Reversed flow on 4 faces (0.1% area) of pressure-outlet 21.
    17  2.8102e-02  1.6318e-04  1.5087e-04  1.8981e-04  1:00:57 2483

 Reversed flow on 4 faces (0.1% area) of pressure-outlet 21.
    18  2.5023e-02  1.4714e-04  1.3698e-04  1.6921e-04  0:59:24 2482

 Reversed flow on 2 faces (0.1% area) of pressure-outlet 21.
    19  2.2469e-02  1.3321e-04  1.2455e-04  1.5218e-04  0:58:08 2481

 Reversed flow on 1 face (0.0% area) of pressure-outlet 21.
    20  2.0277e-02  1.2102e-04  1.1342e-04  1.3814e-04  0:57:09 2480
    21  1.8297e-02  1.0948e-04  1.0272e-04  1.2535e-04  0:56:20 2479
    22  1.6496e-02  9.8700e-05  9.2502e-05  1.1395e-04  0:55:42 2478

  iter  continuity  x-velocity  y-velocity  z-velocity     time/iter
    23  1.4833e-02  8.8679e-05  8.2764e-05  1.0352e-04  0:55:10 2477
    24  1.3346e-02  7.9426e-05  7.3784e-05  9.4111e-05  0:54:45 2476
    25  1.2024e-02  7.1014e-05  6.5571e-05  8.5541e-05  0:54:24 2475
    26  1.0828e-02  6.3395e-05  5.8104e-05  7.7558e-05  0:54:09 2474
    27  9.7629e-03  5.6542e-05  5.1433e-05  7.0273e-05  0:53:58 2473
    28  8.8044e-03  5.0461e-05  4.5473e-05  6.3746e-05  0:53:48 2472
    29  7.9683e-03  4.5116e-05  4.0261e-05  5.7954e-05  0:53:38 2471
    30  7.1975e-03  4.0309e-05  3.5519e-05  5.2492e-05  0:53:29 2470
    31  6.5448e-03  3.6230e-05  3.1605e-05  4.7845e-05  0:53:29 2469
    32  5.9850e-03  3.2633e-05  2.8233e-05  4.3642e-05  0:53:24 2468
    33  5.4633e-03  2.9370e-05  2.5161e-05  3.9705e-05  0:53:19 2467

  iter  continuity  x-velocity  y-velocity  z-velocity     time/iter
    34  4.9939e-03  2.6534e-05  2.2570e-05  3.6190e-05  0:53:16 2466
    35  4.5615e-03  2.4027e-05  2.0246e-05  3.2996e-05  0:53:11 2465
    36  4.1629e-03  2.1781e-05  1.8201e-05  3.0069e-05  0:53:08 2464
    37  3.7993e-03  1.9763e-05  1.6397e-05  2.7390e-05  0:53:06 2463
    38  3.4680e-03  1.7945e-05  1.4799e-05  2.4954e-05  0:53:02 2462
    39  3.1631e-03  1.6287e-05  1.3368e-05  2.2716e-05  0:53:01 2461
    40  2.8839e-03  1.4792e-05  1.2092e-05  2.0669e-05  0:53:04 2460
    41  2.6281e-03  1.3440e-05  1.0946e-05  1.8809e-05  0:53:03 2459
    42  2.3954e-03  1.2223e-05  9.9238e-06  1.7121e-05  0:52:59 2458
    43  2.1827e-03  1.1118e-05  9.0136e-06  1.5590e-05  0:52:58 2457
    44  1.9908e-03  1.0120e-05  8.2024e-06  1.4212e-05  0:52:55 2456

  iter  continuity  x-velocity  y-velocity  z-velocity     time/iter
    45  1.8180e-03  9.2226e-06  7.4778e-06  1.2966e-05  0:52:52 2455
    46  1.6612e-03  8.4147e-06  6.8253e-06  1.1854e-05  0:52:51 2454
    47  1.5194e-03  7.6780e-06  6.2324e-06  1.0846e-05  0:52:49 2453
    48  1.3902e-03  7.0108e-06  5.6905e-06  9.9334e-06  0:52:47 2452
    49  1.2728e-03  6.4061e-06  5.2003e-06  9.1097e-06  0:52:43 2451
    50  1.1653e-03  5.8513e-06  4.7483e-06  8.3648e-06  0:52:42 2450
    51  1.0673e-03  5.3492e-06  4.3334e-06  7.6904e-06  0:52:43 2449
    52  9.7787e-04  4.8915e-06  3.9550e-06  7.0766e-06  0:52:43 2448
    53  8.9618e-04  4.4775e-06  3.6119e-06  6.5177e-06  0:52:39 2447
    54  8.2212e-04  4.0993e-06  3.2982e-06  6.0074e-06  0:52:38 2446
    55  7.5483e-04  3.7545e-06  3.0148e-06  5.5397e-06  0:52:36 2445

  iter  continuity  x-velocity  y-velocity  z-velocity     time/iter
    56  6.9341e-04  3.4376e-06  2.7595e-06  5.1082e-06  0:52:36 2444
    57  6.3725e-04  3.1464e-06  2.5291e-06  4.7083e-06  0:52:40 2443
    58  5.8584e-04  2.8812e-06  2.3210e-06  4.3359e-06  0:52:40 2442
    59  5.3871e-04  2.6391e-06  2.1312e-06  3.9905e-06  0:52:38 2441
    60  4.9540e-04  2.4158e-06  1.9578e-06  3.6695e-06  0:52:35 2440
    61  4.5545e-04  2.2098e-06  1.7991e-06  3.3721e-06  0:52:31 2439
    62  4.1867e-04  2.0209e-06  1.6545e-06  3.0967e-06  0:52:28 2438
    63  3.8490e-04  1.8471e-06  1.5220e-06  2.8437e-06  0:52:26 2437
    64  3.5379e-04  1.6860e-06  1.4005e-06  2.6103e-06  0:52:26 2436
    65  3.2500e-04  1.5378e-06  1.2891e-06  2.3949e-06  0:52:26 2435
    66  2.9838e-04  1.4014e-06  1.1868e-06  2.1960e-06  0:52:23 2434

  iter  continuity  x-velocity  y-velocity  z-velocity     time/iter
    67  2.7379e-04  1.2755e-06  1.0921e-06  2.0138e-06  0:52:20 2433
    68  2.5114e-04  1.1608e-06  1.0050e-06  1.8457e-06  0:52:18 2432
    69  2.3028e-04  1.0555e-06  9.2462e-07  1.6907e-06  0:52:15 2431
    70  2.1099e-04  9.5892e-07  8.5051e-07  1.5480e-06  0:52:13 2430
    71  1.9322e-04  8.7065e-07  7.8212e-07  1.4172e-06  0:52:13 2429
    72  1.7684e-04  7.8992e-07  7.1876e-07  1.2984e-06  0:52:11 2428
    73  1.6183e-04  7.1675e-07  6.6020e-07  1.1900e-06  0:52:08 2427
    74  1.4808e-04  6.5027e-07  6.0625e-07  1.0910e-06  0:52:08 2426
    75  1.3546e-04  5.9011e-07  5.5645e-07  1.0007e-06  0:52:09 2425
    76  1.2392e-04  5.3590e-07  5.1057e-07  9.1845e-07  0:52:05 2424
    77  1.1332e-04  4.8720e-07  4.6845e-07  8.4329e-07  0:52:07 2423

  iter  continuity  x-velocity  y-velocity  z-velocity     time/iter
    78  1.0363e-04  4.4337e-07  4.2962e-07  7.7466e-07  0:52:10 2422
    79  9.4790e-05  4.0390e-07  3.9406e-07  7.1191e-07  0:52:08 2421
    80  8.6728e-05  3.6831e-07  3.6159e-07  6.5479e-07  0:52:06 2420
    81  7.9343e-05  3.3602e-07  3.3203e-07  6.0144e-07  0:52:03 2419
    82  7.2578e-05  3.0702e-07  3.0487e-07  5.5036e-07  0:51:59 2418
    83  6.6386e-05  2.8067e-07  2.7999e-07  5.0452e-07  0:51:57 2417
    84  6.0663e-05  2.5675e-07  2.5704e-07  4.6253e-07  0:51:55 2416
    85  5.5415e-05  2.3496e-07  2.3604e-07  4.2367e-07  0:51:55 2415
    86  5.0616e-05  2.1507e-07  2.1678e-07  3.8774e-07  0:51:52 2414
    87  4.6234e-05  1.9702e-07  1.9923e-07  3.5468e-07  0:51:50 2413
    88  4.2255e-05  1.8056e-07  1.8323e-07  3.2433e-07  0:51:46 2412

  iter  continuity  x-velocity  y-velocity  z-velocity     time/iter
    89  3.8637e-05  1.6558e-07  1.6861e-07  2.9656e-07  0:51:46 2411
    90  3.5330e-05  1.5193e-07  1.5523e-07  2.7110e-07  0:52:56 2410
    91  3.2317e-05  1.3949e-07  1.4300e-07  2.4776e-07  0:52:41 2409
    92  2.9573e-05  1.2815e-07  1.3186e-07  2.2645e-07  0:52:33 2408
    93  2.7070e-05  1.1785e-07  1.2169e-07  2.0703e-07  0:52:22 2407
    94  2.4790e-05  1.0849e-07  1.1238e-07  1.8931e-07  0:52:12 2406
    95  2.2712e-05  1.0000e-07  1.0389e-07  1.7317e-07  0:52:04 2405
    96  2.0824e-05  9.2312e-08  9.6167e-08  1.5851e-07  0:51:58 2404
    97  1.9105e-05  8.5346e-08  8.9106e-08  1.4518e-07  0:51:54 2403
    98  1.7537e-05  7.9016e-08  8.2658e-08  1.3307e-07  0:51:50 2402
    99  1.6111e-05  7.3269e-08  7.6761e-08  1.2210e-07  0:51:47 2401

  iter  continuity  x-velocity  y-velocity  z-velocity     time/iter
   100  1.4815e-05  6.8044e-08  7.1361e-08  1.1214e-07  0:51:43 2400
   101  1.3640e-05  6.3300e-08  6.6408e-08  1.0311e-07  0:51:40 2399
   102  1.2574e-05  5.9012e-08  6.1862e-08  9.4906e-08  0:51:38 2398
   103  1.1604e-05  5.5099e-08  5.7698e-08  8.7457e-08  0:52:06 2397
   104  1.0725e-05  5.1518e-08  5.3879e-08  8.0687e-08  0:52:03 2396
   105  9.9230e-06  4.8230e-08  5.0371e-08  7.4533e-08  0:52:03 2395
   106  9.1957e-06  4.5207e-08  4.7145e-08  6.8951e-08  0:54:45 2394
   107  8.5362e-06  4.2433e-08  4.4174e-08  6.3874e-08  0:54:04 2393
   108  7.9336e-06  3.9882e-08  4.1426e-08  5.9239e-08  0:53:29 2392
   109  7.3825e-06  3.7523e-08  3.8882e-08  5.5009e-08  0:53:02 2391
   110  6.8772e-06  3.5353e-08  3.6515e-08  5.1140e-08  0:52:40 2390

  iter  continuity  x-velocity  y-velocity  z-velocity     time/iter
   111  6.4145e-06  3.3347e-08  3.4313e-08  4.7592e-08  0:52:20 2389
   112  5.9905e-06  3.1493e-08  3.2265e-08  4.4337e-08  0:52:05 2388
   113  5.6015e-06  2.9771e-08  3.0357e-08  4.1350e-08  0:51:56 2387
   114  5.2435e-06  2.8170e-08  2.8580e-08  3.8598e-08  0:51:46 2386
   115  4.9061e-06  2.6586e-08  2.6923e-08  3.6059e-08  0:51:39 2385
   116  4.6037e-06  2.5160e-08  2.5341e-08  3.3683e-08  0:51:32 2384
   117  4.3256e-06  2.3839e-08  2.3834e-08  3.1459e-08  0:51:26 2383
   118  4.0657e-06  2.2590e-08  2.2422e-08  2.9408e-08  0:51:21 2382
   119  3.8276e-06  2.1415e-08  2.1110e-08  2.7527e-08  0:51:17 2381
   120  3.6048e-06  2.0303e-08  1.9893e-08  2.5787e-08  0:51:17 2380
   121  3.3956e-06  1.9250e-08  1.8759e-08  2.4170e-08  0:51:13 2379

  iter  continuity  x-velocity  y-velocity  z-velocity     time/iter
   122  3.1987e-06  1.8257e-08  1.7708e-08  2.2666e-08  0:51:15 2378
   123  3.0146e-06  1.7322e-08  1.6726e-08  2.1271e-08  0:51:15 2377
   124  2.8424e-06  1.6445e-08  1.5809e-08  1.9970e-08  0:51:12 2376
   125  2.6799e-06  1.5622e-08  1.4946e-08  1.8760e-08  0:51:10 2375
   126  2.5283e-06  1.4849e-08  1.4145e-08  1.7632e-08  0:51:07 2374
   127  2.3873e-06  1.4121e-08  1.3398e-08  1.6580e-08  0:51:06 2373
   128  2.2566e-06  1.3438e-08  1.2700e-08  1.5601e-08  0:51:04 2372
   129  2.1351e-06  1.2799e-08  1.2045e-08  1.4692e-08  0:51:02 2371
   130  2.0229e-06  1.2198e-08  1.1430e-08  1.3850e-08  0:51:01 2370
   131  1.9182e-06  1.1631e-08  1.0856e-08  1.3068e-08  0:50:58 2369
   132  1.8204e-06  1.1097e-08  1.0320e-08  1.2341e-08  0:51:01 2368

  iter  continuity  x-velocity  y-velocity  z-velocity     time/iter
   133  1.7298e-06  1.0596e-08  9.8210e-09  1.1666e-08  0:51:00 2367
   134  1.6455e-06  1.0125e-08  9.3566e-09  1.1042e-08  0:50:57 2366
   135  1.5669e-06  9.6828e-09  8.9241e-09  1.0465e-08  0:50:56 2365
   136  1.4941e-06  9.2698e-09  8.5206e-09  9.9359e-09  0:50:53 2364
   137  1.4263e-06  8.8853e-09  8.1453e-09  9.4474e-09  0:50:48 2363
   138  1.3637e-06  8.5293e-09  7.7969e-09  8.9967e-09  0:50:47 2362
   139  1.3061e-06  8.1985e-09  7.4742e-09  8.5827e-09  0:50:45 2361
   140  1.2534e-06  7.8914e-09  7.1758e-09  8.2020e-09  0:50:43 2360
   141  1.2054e-06  7.6069e-09  6.9004e-09  7.8522e-09  0:50:40 2359
   142  1.1614e-06  7.3441e-09  6.6476e-09  7.5326e-09  0:50:39 2358
   143  1.1213e-06  7.1001e-09  6.4161e-09  7.2414e-09  0:50:40 2357

  iter  continuity  x-velocity  y-velocity  z-velocity     time/iter
   144  1.0851e-06  6.8751e-09  6.2051e-09  6.9776e-09  0:50:38 2356
   145  1.0525e-06  6.6698e-09  6.0136e-09  6.7390e-09  0:50:39 2355
   146  1.0236e-06  6.4836e-09  5.8414e-09  6.5257e-09  0:50:40 2354
   147  9.9832e-07  6.3164e-09  5.6882e-09  6.3374e-09  0:50:39 2353
!  147 solution is converged

> 
adjoint/                parallel/               server/
define/                 parametric-study/       solve/
display/                plot/                   surface/
exit                    preferences/            turbo-setup/
file/                   print-license-usage     views/
mesh/                   report/

> ; ===========================================================
; DATA EXPORT
; ===========================================================

adjoint/                parallel/               server/
define/                 parametric-study/       solve/
display/                plot/                   surface/
exit                    preferences/            turbo-setup/
file/                   print-license-usage     views/
mesh/                   report/

> /surface/zone-surface interior-data fluid_domain

> 
adjoint/                parallel/               server/
define/                 parametric-study/       solve/
display/                plot/                   surface/
exit                    preferences/            turbo-setup/
file/                   print-license-usage     views/
mesh/                   report/

> ; Save case and data
/file/write-case-data "results/coronary_extracted_vessel/Re200/bifurcation_Re200.cas.h5"Fast-loading "C:\PROGRA~1\ANSYSI~1\v252\fluent\fluent25.2.0\\addons\afd\lib\hdfio.bin"
Done.

Writing to DESKTOP-BBN4MI6:"C:\Users\radie\Desktop\1_TrainingSIMS\realbifurcationSIM\results/coronary_extracted_vessel/Re200/bifurcation_Re200.cas.h5" in NODE0 mode and compression level 1 ...
Grouping cells for Laplace smoothing ...
      567668 cells,     1 zone  ...
     1279652 faces,     5 zones ...
      211243 nodes,     1 zone  ...
  Done.
Done.

Writing to DESKTOP-BBN4MI6:"C:\Users\radie\Desktop\1_TrainingSIMS\realbifurcationSIM\results/coronary_extracted_vessel/Re200/bifurcation_Re200.dat.h5" in NODE0 mode and compression level 1 ...
  Writing results.
Done.


> 
adjoint/                parallel/               server/
define/                 parametric-study/       solve/
display/                plot/                   surface/
exit                    preferences/            turbo-setup/
file/                   print-license-usage     views/
mesh/                   report/

> ; Export interior field data
/file/export/ascii "results/coronary_extracted_vessel/Re200/interior_full_Re200.csv" interior-data () no x-coordinate y-coordinate z-coordinate pressure x-velocity y-velocity z-velocity velocity-magnitude ()

Location/Cell-Centered?,
if Cell-Centered not chosen, node values of scalars are reported [no] ; Respond to the single prompt:
; Location/Cell-Centered? [no]
no

Writing "results/coronary_extracted_vessel/Re200/interior_full_Re200.csv"...

Writing information to ascii file ...
Done.


> 
adjoint/                parallel/               server/
define/                 parametric-study/       solve/
display/                plot/                   surface/
exit                    preferences/            turbo-setup/
file/                   print-license-usage     views/
mesh/                   report/

> ; Export wall data
/file/export/ascii "results/coronary_extracted_vessel/Re200/wall_data_Re200.csv" wall-fluid_domain () no x-coordinate y-coordinate z-coordinate pressure wall-shear x-wall-shear y-wall-shear z-wall-shear ()

Location/Cell-Centered?,
if Cell-Centered not chosen, node values of scalars are reported [no] ; Location/Cell-Centered? [no]
no

Writing "results/coronary_extracted_vessel/Re200/wall_data_Re200.csv"...

Writing information to ascii file ...
Done.


> 
adjoint/                parallel/               server/
define/                 parametric-study/       solve/
display/                plot/                   surface/
exit                    preferences/            turbo-setup/
file/                   print-license-usage     views/
mesh/                   report/

> ; Export outlet data
/file/export/ascii "results/coronary_extracted_vessel/Re200/outlets_Re200.csv" outlet_1 outlet_2 () no x-coordinate y-coordinate z-coordinate pressure velocity-magnitude ()

Location/Cell-Centered?,
if Cell-Centered not chosen, node values of scalars are reported [no] ; Location/Cell-Centered? [no]
no

Writing "results/coronary_extracted_vessel/Re200/outlets_Re200.csv"...

Writing information to ascii file ...
Done.


> 
adjoint/                parallel/               server/
define/                 parametric-study/       solve/
display/                plot/                   surface/
exit                    preferences/            turbo-setup/
file/                   print-license-usage     views/
mesh/                   report/

> /exit 
Posting ANSYS Product Improvement Program performance data 
Done.
Auto-Transcript Stop Time:  21:13:45, 22 Feb 2026 E. Australia Standard Time 
Total Transcript Time: 3 Minute 56 Second.

Automatic transcript closed.
