
Opening input/output transcript to file "C:\Users\radie\Desktop\1_TrainingSIMS\realbifurcationSIM\\fluent-20260222-215439-25580.trn".
Auto-Transcript Start Time:  21:54:39, 22 Feb 2026 E. Australia Standard Time 

              Welcome to ANSYS Fluent 2025 R2.04

              Copyright 1987-2025 ANSYS, Inc. All Rights Reserved.
              Unauthorized use, distribution or duplication is prohibited.
              This product is subject to U.S. laws governing export and re-export.
              For full Legal Notice, see documentation.

Build Time: Oct  7 2025 15:34:38 EDT  Build Id: 10205  
 
Connected License Server List:	1055@localhost

     --------------------------------------------------------------
     This is an academic version of ANSYS FLUENT. Usage of this product
     license is limited to the terms and conditions specified in your ANSYS
     license form, additional terms section.
     --------------------------------------------------------------
Host spawning Node 0 on machine "DESKTOP-BBN4MI6" (win64).

-----------------------------------------------------------------------------------
ID    Hostname         Core  O.S.         PID    Vendor                           
-----------------------------------------------------------------------------------
n3    DESKTOP-BBN4MI6  4/12  Windows-x64  16248  Intel(R) Core(TM) i5-10400F      
n2    DESKTOP-BBN4MI6  3/12  Windows-x64  6668   Intel(R) Core(TM) i5-10400F      
n1    DESKTOP-BBN4MI6  2/12  Windows-x64  28852  Intel(R) Core(TM) i5-10400F      
n0*   DESKTOP-BBN4MI6  1/12  Windows-x64  27976  Intel(R) Core(TM) i5-10400F      
host  DESKTOP-BBN4MI6        Windows-x64  22492  Intel(R) Core(TM) i5-10400F      

MPI Option Selected: intel
Selected system interconnect: default
-----------------------------------------------------------------------------------

Cleanup script file is C:\\Users\\radie\\Desktop\\1_TrainingSIMS\\realbifurcationSIM\\cleanup-fluent-DESKTOP-BBN4MI6-22492.bat

Posting ANSYS Product Improvement Program startup data
Done.

Reading journal file results/coronary_extracted_vessel/Re500/run_coronary_extracted_vessel_Re500.jou...

> ; ===========================================================
; bifurcation_template_robust.jou  (BATCH-SAFE EXPORT FIX)
; Validated for ANSYS Fluent 2025 R2 (25.2)
; Mesh -> laminar -> water-liquid -> BCs -> iterate -> export
; ===========================================================

/file/set-tui-version "25.2"

> /file/set-batch-options yes no yes

> ; overwrite files? yes
; hide questions?  no   (keep no because BC sections still use scripted responses)
; exit on error?   yes

define/                 parametric-study/       solve/
display/                plot/                   surface/
exit                    preferences/            switch-to-meshing-mode
file/                   print-license-usage     turbo-setup/
mesh/                   report/                 views/
parallel/               server/

> ; Prevent overwrite prompts during export/write
/file/confirm-overwrite? no

> 
define/                 parametric-study/       solve/
display/                plot/                   surface/
exit                    preferences/            switch-to-meshing-mode
file/                   print-license-usage     turbo-setup/
mesh/                   report/                 views/
parallel/               server/

> /file/read-case "coronary_extracted_vessel.msh"Multicore SMT processors detected. Processor affinity set!

Reading "coronary_extracted_vessel.msh"...

Buffering for file scan...

Warning: Skipping edges zones section(s).
   24258 nodes.
   30106 nodes.
  156879 nodes.
   57325 triangular wall faces, zone 19.
    1031 mixed velocity-inlet faces, zone 20.
     709 mixed pressure-outlet faces, zone 21.
     267 mixed pressure-outlet faces, zone 22.
 1220320 mixed interior faces, zone 3117.
  567668 mixed cells, zone 3115.

Building...
     mesh
	auto partitioning mesh by Metis (fast),
	distributing mesh
		parts....,
		faces....,
		nodes....,
		cells....,
        bandwidth reduction using Reverse Cuthill-McKee: 140694/1073 = 131.122
     materials,
     interface,
     domains,
     zones,
	Skipping thread 11 of domain 1 (not referenced by grid).
	Skipping thread 14 of domain 1 (not referenced by grid).
	Skipping thread 15 of domain 1 (not referenced by grid).
	Skipping thread 16 of domain 1 (not referenced by grid).
	Skipping thread 17 of domain 1 (not referenced by grid).
	Skipping thread 18 of domain 1 (not referenced by grid).
	wall-fluid_domain
	inlet
	outlet_1
	outlet_2
	interior--fluid_domain
	fluid_domain
     parallel,
Done.
Mesh is now scaled to meters.


> 
adjoint/                parallel/               server/
define/                 parametric-study/       solve/
display/                plot/                   surface/
exit                    preferences/            turbo-setup/
file/                   print-license-usage     views/
mesh/                   report/

> ; ---------- Models ----------
/define/models/solver/pressure-based yes

> /define/models/viscous/laminar yes

> 
adjoint/                parallel/               server/
define/                 parametric-study/       solve/
display/                plot/                   surface/
exit                    preferences/            turbo-setup/
file/                   print-license-usage     views/
mesh/                   report/

> ; ---------- Materials ----------
/define/materials/copy fluid water-liquid

Material "water-liquid" copied from database: fluent-database.


> /define/boundary-conditions/fluid (fluid_domain)
fluid_domain yes water-liquid
Specify source terms? [no] no
Specify fixed values? [no] no
Frame Motion? [no] no
Use Profile for Reference Frame X-Origin of Rotation-Axis? [no] no
Reference Frame X-Origin of Rotation-Axis (constant or expression) (in [m]) [0] 0
Use Profile for Reference Frame Y-Origin of Rotation-Axis? [no] no
Reference Frame Y-Origin of Rotation-Axis (constant or expression) (in [m]) [0] 0
Use Profile for Reference Frame Z-Origin of Rotation-Axis? [no] no
Reference Frame Z-Origin of Rotation-Axis (constant or expression) (in [m]) [0] 0
Use Profile for Reference Frame X-Component of Rotation-Axis? [no] no
Reference Frame X-Component of Rotation-Axis (constant or expression) [0] 0
Use Profile for Reference Frame Y-Component of Rotation-Axis? [no] no
Reference Frame Y-Component of Rotation-Axis (constant or expression) [0] 0
Use Profile for Reference Frame Z-Component of Rotation-Axis? [no] no
Reference Frame Z-Component of Rotation-Axis (constant or expression) [1] 1
Mesh Motion? [no] no
Enter yes or no to continue [no] no
Porous zone? [no] no
3D Fan Zone? [no] no

> 
adjoint/                parallel/               server/
define/                 parametric-study/       solve/
display/                plot/                   surface/
exit                    preferences/            turbo-setup/
file/                   print-license-usage     views/
mesh/                   report/

> ; ---------- Boundary Conditions ----------
; INLET
/define/boundary-conditions/velocity-inlet (inlet)
inlet
Velocity Specification Method: Magnitude and Direction [no] no
Velocity Specification Method: Components [no] no
Velocity Specification Method: Magnitude, Normal to Boundary [yes] yes
Reference Frame: Absolute [yes] yes
Use Profile for Velocity Magnitude? [no] no
Velocity Magnitude (constant or expression) (in [m/s]) [0] 0.14992083971134876
Use Profile for Supersonic/Initial Gauge Pressure? [no] no
Supersonic/Initial Gauge Pressure (constant or expression) (in [Pa]) [0] 0

> 
adjoint/                parallel/               server/
define/                 parametric-study/       solve/
display/                plot/                   surface/
exit                    preferences/            turbo-setup/
file/                   print-license-usage     views/
mesh/                   report/

> ; OUTLETS
/define/boundary-conditions/pressure-outlet (outlet_2 outlet_1)
outlet_1
Backflow Reference Frame: Absolute [yes] yes
Use Profile for Gauge Pressure? [no] no
Gauge Pressure (constant or expression) (in [Pa]) [0] 0
Backflow Direction Specification Method: Direction Vector [no] no
Backflow Direction Specification Method: Normal to Boundary [yes] yes
Backflow Pressure Specification: Total Pressure [yes] yes
Radial Equilibrium Pressure Distribution [no] no
Average Pressure Specification? [no] no
Specify targeted mass flow rate [no] no

> 
adjoint/                parallel/               server/
define/                 parametric-study/       solve/
display/                plot/                   surface/
exit                    preferences/            turbo-setup/
file/                   print-license-usage     views/
mesh/                   report/

> /define/boundary-conditions/pressure-outlet (outlet_2 outlet_1)
outlet_2
Backflow Reference Frame: Absolute [yes] yes
Use Profile for Gauge Pressure? [no] no
Gauge Pressure (constant or expression) (in [Pa]) [0] 0
Backflow Direction Specification Method: Direction Vector [no] no
Backflow Direction Specification Method: Normal to Boundary [yes] yes
Backflow Pressure Specification: Total Pressure [yes] yes
Radial Equilibrium Pressure Distribution [no] no
Average Pressure Specification? [no] no
Specify targeted mass flow rate [no] no

> 
adjoint/                parallel/               server/
define/                 parametric-study/       solve/
display/                plot/                   surface/
exit                    preferences/            turbo-setup/
file/                   print-license-usage     views/
mesh/                   report/

> ; WALLS
/define/boundary-conditions/wall (wall-fluid_domain)
wall-fluid_domain
Wall Motion [motion-bc-stationary]: Change current value? [no] no
Shear Boundary Condition [shear-bc-noslip]: Change current value? [no] no

> 
adjoint/                parallel/               server/
define/                 parametric-study/       solve/
display/                plot/                   surface/
exit                    preferences/            turbo-setup/
file/                   print-license-usage     views/
mesh/                   report/

> ; ---------- Solution Methods ----------
/solve/set/p-v-coupling 24

> /solve/set/discretization-scheme/pressure 12

> /solve/set/discretization-scheme/mom 4

> 
adjoint/                parallel/               server/
define/                 parametric-study/       solve/
display/                plot/                   surface/
exit                    preferences/            turbo-setup/
file/                   print-license-usage     views/
mesh/                   report/

> ; ---------- Solution Controls ----------
/solve/monitors/residual/convergence-criteria 1e-6 1e-5 1e-5 1e-5

> /solve/monitors/residual/print? yes

> 
adjoint/                parallel/               server/
define/                 parametric-study/       solve/
display/                plot/                   surface/
exit                    preferences/            turbo-setup/
file/                   print-license-usage     views/
mesh/                   report/

> ; ---------- Initialization ----------
/solve/initialize/compute-defaults/velocity-inlet (inlet)
inlet

> /solve/initialize/initialize-flow

> 
adjoint/                parallel/               server/
define/                 parametric-study/       solve/
display/                plot/                   surface/
exit                    preferences/            turbo-setup/
file/                   print-license-usage     views/
mesh/                   report/

> ; ---------- Solve ----------
/solve/iterate 3500

  iter  continuity  x-velocity  y-velocity  z-velocity     time/iter

 Reversed flow on 709 faces (100.0% area) of pressure-outlet 21.
     1  1.0000e+00  4.7798e-03  6.1190e-03  1.5127e-03  2:12:16 3499

 Reversed flow on 389 faces (32.7% area) of pressure-outlet 21.

 Reversed flow on 6 faces (0.5% area) of pressure-outlet 22.
     2  8.1737e-01  1.3611e-02  1.8987e-02  6.2817e-03  2:01:05 3498

 Reversed flow on 240 faces (13.4% area) of pressure-outlet 21.
     3  3.8313e-01  4.4286e-03  5.7451e-03  3.3863e-03  1:51:54 3497

 Reversed flow on 124 faces (5.8% area) of pressure-outlet 21.
     4  2.5434e-01  2.0514e-03  2.4222e-03  2.0683e-03  1:44:35 3496

 Reversed flow on 59 faces (2.6% area) of pressure-outlet 21.
     5  2.0374e-01  1.2111e-03  1.2769e-03  1.4442e-03  1:38:45 3495

 Reversed flow on 34 faces (1.4% area) of pressure-outlet 21.
     6  1.6071e-01  8.4713e-04  8.1626e-04  1.1002e-03  1:34:04 3494

 Reversed flow on 24 faces (0.9% area) of pressure-outlet 21.
     7  1.2685e-01  6.5597e-04  5.9235e-04  8.8660e-04  1:30:19 3493

 Reversed flow on 15 faces (0.5% area) of pressure-outlet 21.
     8  1.0247e-01  5.4063e-04  4.7548e-04  7.4363e-04  1:27:22 3492

 Reversed flow on 9 faces (0.2% area) of pressure-outlet 21.
     9  8.4960e-02  4.6187e-04  4.0526e-04  6.3941e-04  1:24:58 3491

 Reversed flow on 10 faces (0.3% area) of pressure-outlet 21.
    10  7.2340e-02  4.0497e-04  3.5682e-04  5.5880e-04  1:23:00 3490

 Reversed flow on 9 faces (0.3% area) of pressure-outlet 21.
    11  6.3110e-02  3.6264e-04  3.2156e-04  4.9554e-04  1:21:28 3489

 Reversed flow on 7 faces (0.3% area) of pressure-outlet 21.

  iter  continuity  x-velocity  y-velocity  z-velocity     time/iter
    12  5.6405e-02  3.3148e-04  2.9610e-04  4.4320e-04  1:20:15 3488

 Reversed flow on 8 faces (0.3% area) of pressure-outlet 21.
    13  5.1763e-02  3.0947e-04  2.7983e-04  4.0059e-04  1:19:15 3487

 Reversed flow on 10 faces (0.4% area) of pressure-outlet 21.
    14  4.8304e-02  2.9230e-04  2.6766e-04  3.6261e-04  1:22:26 3486

 Reversed flow on 12 faces (0.4% area) of pressure-outlet 21.
    15  4.7172e-02  2.8812e-04  2.6840e-04  3.4106e-04  1:21:21 3485

 Reversed flow on 12 faces (0.4% area) of pressure-outlet 21.
    16  4.4362e-02  2.7178e-04  2.5489e-04  3.1082e-04  1:20:05 3484

 Reversed flow on 13 faces (0.4% area) of pressure-outlet 21.
    17  4.1925e-02  2.5888e-04  2.4540e-04  2.9055e-04  1:19:02 3483

 Reversed flow on 15 faces (0.5% area) of pressure-outlet 21.
    18  3.9643e-02  2.4599e-04  2.3449e-04  2.7277e-04  1:18:13 3482

 Reversed flow on 17 faces (0.5% area) of pressure-outlet 21.
    19  3.7459e-02  2.3323e-04  2.2297e-04  2.5811e-04  1:17:36 3481

 Reversed flow on 20 faces (0.6% area) of pressure-outlet 21.
    20  3.5311e-02  2.1928e-04  2.0998e-04  2.4492e-04  1:17:03 3480

 Reversed flow on 20 faces (0.6% area) of pressure-outlet 21.
    21  3.3105e-02  2.0480e-04  1.9649e-04  2.3281e-04  1:16:35 3479

 Reversed flow on 20 faces (0.6% area) of pressure-outlet 21.
    22  3.0913e-02  1.9007e-04  1.8234e-04  2.2074e-04  1:16:13 3478

 Reversed flow on 21 faces (0.6% area) of pressure-outlet 21.

  iter  continuity  x-velocity  y-velocity  z-velocity     time/iter
    23  2.8836e-02  1.7577e-04  1.6862e-04  2.0922e-04  1:15:55 3477

 Reversed flow on 21 faces (0.6% area) of pressure-outlet 21.
    24  2.6892e-02  1.6197e-04  1.5527e-04  1.9737e-04  1:15:47 3476

 Reversed flow on 21 faces (0.6% area) of pressure-outlet 21.
    25  2.5091e-02  1.4918e-04  1.4243e-04  1.8587e-04  1:15:40 3475

 Reversed flow on 23 faces (0.7% area) of pressure-outlet 21.
    26  2.3379e-02  1.3740e-04  1.3056e-04  1.7437e-04  1:15:29 3474

 Reversed flow on 23 faces (0.7% area) of pressure-outlet 21.
    27  2.1788e-02  1.2677e-04  1.1971e-04  1.6349e-04  1:15:21 3473

 Reversed flow on 23 faces (0.7% area) of pressure-outlet 21.
    28  2.0342e-02  1.1752e-04  1.0999e-04  1.5312e-04  1:15:13 3472

 Reversed flow on 23 faces (0.7% area) of pressure-outlet 21.
    29  1.9040e-02  1.0931e-04  1.0130e-04  1.4338e-04  1:15:07 3471

 Reversed flow on 23 faces (0.7% area) of pressure-outlet 21.
    30  1.7822e-02  1.0217e-04  9.3563e-05  1.3437e-04  1:15:02 3470

 Reversed flow on 23 faces (0.7% area) of pressure-outlet 21.
    31  1.6743e-02  9.6015e-05  8.6763e-05  1.2600e-04  1:14:59 3469

 Reversed flow on 23 faces (0.7% area) of pressure-outlet 21.
    32  1.5742e-02  9.0491e-05  8.0540e-05  1.1817e-04  1:14:56 3468

 Reversed flow on 23 faces (0.7% area) of pressure-outlet 21.
    33  1.4851e-02  8.5579e-05  7.4883e-05  1.1097e-04  1:14:51 3467

 Reversed flow on 23 faces (0.7% area) of pressure-outlet 21.

  iter  continuity  x-velocity  y-velocity  z-velocity     time/iter
    34  1.4026e-02  8.1140e-05  6.9842e-05  1.0450e-04  1:14:48 3466

 Reversed flow on 23 faces (0.7% area) of pressure-outlet 21.
    35  1.3299e-02  7.7069e-05  6.5331e-05  9.8684e-05  1:14:47 3465

 Reversed flow on 23 faces (0.7% area) of pressure-outlet 21.
    36  1.2642e-02  7.3327e-05  6.1280e-05  9.3486e-05  1:14:43 3464

 Reversed flow on 23 faces (0.7% area) of pressure-outlet 21.
    37  1.2027e-02  6.9732e-05  5.7572e-05  8.8683e-05  1:14:39 3463

 Reversed flow on 23 faces (0.7% area) of pressure-outlet 21.
    38  1.1464e-02  6.6287e-05  5.4130e-05  8.4212e-05  1:14:41 3462

 Reversed flow on 23 faces (0.7% area) of pressure-outlet 21.
    39  1.0960e-02  6.3010e-05  5.0962e-05  8.0169e-05  1:14:44 3461

 Reversed flow on 23 faces (0.7% area) of pressure-outlet 21.
    40  1.0473e-02  5.9833e-05  4.7951e-05  7.6374e-05  1:14:42 3460

 Reversed flow on 23 faces (0.7% area) of pressure-outlet 21.
    41  1.0023e-02  5.6701e-05  4.5150e-05  7.2895e-05  1:14:42 3459

 Reversed flow on 23 faces (0.7% area) of pressure-outlet 21.
    42  9.6030e-03  5.3692e-05  4.2570e-05  6.9725e-05  1:14:38 3458

 Reversed flow on 23 faces (0.7% area) of pressure-outlet 21.
    43  9.1989e-03  5.0791e-05  4.0182e-05  6.6796e-05  1:14:59 3457

 Reversed flow on 24 faces (0.7% area) of pressure-outlet 21.
    44  8.8217e-03  4.8039e-05  3.7996e-05  6.4134e-05  1:14:54 3456

 Reversed flow on 24 faces (0.7% area) of pressure-outlet 21.

  iter  continuity  x-velocity  y-velocity  z-velocity     time/iter
    45  8.4607e-03  4.5384e-05  3.5948e-05  6.1633e-05  1:14:48 3455

 Reversed flow on 24 faces (0.7% area) of pressure-outlet 21.
    46  8.1194e-03  4.2830e-05  3.4001e-05  5.9243e-05  1:14:40 3454

 Reversed flow on 24 faces (0.7% area) of pressure-outlet 21.
    47  7.7847e-03  4.0395e-05  3.2192e-05  5.6917e-05  1:14:33 3453

 Reversed flow on 24 faces (0.7% area) of pressure-outlet 21.
    48  7.4586e-03  3.8050e-05  3.0495e-05  5.4778e-05  1:14:30 3452

 Reversed flow on 24 faces (0.7% area) of pressure-outlet 21.
    49  7.1384e-03  3.5754e-05  2.8908e-05  5.2683e-05  1:14:26 3451

 Reversed flow on 24 faces (0.7% area) of pressure-outlet 21.
    50  6.8278e-03  3.3539e-05  2.7389e-05  5.0550e-05  1:14:27 3450

 Reversed flow on 24 faces (0.7% area) of pressure-outlet 21.
    51  6.5377e-03  3.1463e-05  2.5913e-05  4.8474e-05  1:14:24 3449

 Reversed flow on 24 faces (0.7% area) of pressure-outlet 21.
    52  6.2416e-03  2.9497e-05  2.4501e-05  4.6447e-05  1:14:21 3448

 Reversed flow on 24 faces (0.7% area) of pressure-outlet 21.
    53  5.9541e-03  2.7627e-05  2.3145e-05  4.4451e-05  1:14:18 3447

 Reversed flow on 24 faces (0.7% area) of pressure-outlet 21.
    54  5.6746e-03  2.5849e-05  2.1871e-05  4.2435e-05  1:14:17 3446

 Reversed flow on 24 faces (0.7% area) of pressure-outlet 21.
    55  5.3871e-03  2.4187e-05  2.0655e-05  4.0401e-05  1:14:18 3445

 Reversed flow on 24 faces (0.7% area) of pressure-outlet 21.

  iter  continuity  x-velocity  y-velocity  z-velocity     time/iter
    56  5.1060e-03  2.2618e-05  1.9500e-05  3.8464e-05  1:14:19 3444

 Reversed flow on 24 faces (0.7% area) of pressure-outlet 21.
    57  4.8317e-03  2.1140e-05  1.8395e-05  3.6514e-05  1:14:17 3443

 Reversed flow on 24 faces (0.7% area) of pressure-outlet 21.
    58  4.5643e-03  1.9756e-05  1.7333e-05  3.4609e-05  1:14:14 3442

 Reversed flow on 24 faces (0.7% area) of pressure-outlet 21.
    59  4.3042e-03  1.8483e-05  1.6343e-05  3.2795e-05  1:14:12 3441

 Reversed flow on 24 faces (0.7% area) of pressure-outlet 21.
    60  4.0582e-03  1.7302e-05  1.5411e-05  3.1044e-05  1:14:07 3440

 Reversed flow on 24 faces (0.7% area) of pressure-outlet 21.
    61  3.8220e-03  1.6202e-05  1.4546e-05  2.9372e-05  1:14:08 3439

 Reversed flow on 24 faces (0.7% area) of pressure-outlet 21.
    62  3.6000e-03  1.5191e-05  1.3733e-05  2.7791e-05  1:14:07 3438

 Reversed flow on 24 faces (0.7% area) of pressure-outlet 21.
    63  3.3964e-03  1.4271e-05  1.2958e-05  2.6294e-05  1:14:03 3437

 Reversed flow on 24 faces (0.7% area) of pressure-outlet 21.
    64  3.2096e-03  1.3428e-05  1.2243e-05  2.4833e-05  1:14:01 3436

 Reversed flow on 24 faces (0.7% area) of pressure-outlet 21.
    65  3.0317e-03  1.2637e-05  1.1605e-05  2.3461e-05  1:13:59 3435

 Reversed flow on 24 faces (0.7% area) of pressure-outlet 21.
    66  2.8632e-03  1.1915e-05  1.1020e-05  2.2172e-05  1:13:57 3434

 Reversed flow on 24 faces (0.7% area) of pressure-outlet 21.

  iter  continuity  x-velocity  y-velocity  z-velocity     time/iter
    67  2.7114e-03  1.1234e-05  1.0470e-05  2.0971e-05  1:13:53 3433

 Reversed flow on 24 faces (0.7% area) of pressure-outlet 21.
    68  2.5693e-03  1.0594e-05  9.9708e-06  1.9823e-05  1:13:52 3432

 Reversed flow on 24 faces (0.7% area) of pressure-outlet 21.
    69  2.4381e-03  9.9938e-06  9.5014e-06  1.8754e-05  1:13:49 3431

 Reversed flow on 24 faces (0.7% area) of pressure-outlet 21.
    70  2.3125e-03  9.4284e-06  9.0562e-06  1.7761e-05  1:13:47 3430

 Reversed flow on 24 faces (0.7% area) of pressure-outlet 21.
    71  2.1946e-03  8.8877e-06  8.6283e-06  1.6846e-05  1:13:45 3429

 Reversed flow on 24 faces (0.7% area) of pressure-outlet 21.
    72  2.0787e-03  8.3710e-06  8.2139e-06  1.5996e-05  1:13:48 3428

 Reversed flow on 24 faces (0.7% area) of pressure-outlet 21.
    73  1.9671e-03  7.8827e-06  7.8348e-06  1.5209e-05  1:13:46 3427

 Reversed flow on 24 faces (0.7% area) of pressure-outlet 21.
    74  1.8589e-03  7.4212e-06  7.4675e-06  1.4463e-05  1:13:47 3426

 Reversed flow on 24 faces (0.7% area) of pressure-outlet 21.
    75  1.7591e-03  6.9850e-06  7.1091e-06  1.3753e-05  1:13:42 3425

 Reversed flow on 24 faces (0.7% area) of pressure-outlet 21.
    76  1.6657e-03  6.5657e-06  6.7704e-06  1.3090e-05  1:13:43 3424

 Reversed flow on 24 faces (0.7% area) of pressure-outlet 21.
    77  1.5752e-03  6.1664e-06  6.4388e-06  1.2453e-05  1:13:41 3423

 Reversed flow on 24 faces (0.7% area) of pressure-outlet 21.

  iter  continuity  x-velocity  y-velocity  z-velocity     time/iter
    78  1.4892e-03  5.7941e-06  6.1175e-06  1.1846e-05  1:13:39 3422

 Reversed flow on 24 faces (0.7% area) of pressure-outlet 21.
    79  1.4090e-03  5.4466e-06  5.8093e-06  1.1274e-05  1:13:40 3421

 Reversed flow on 24 faces (0.7% area) of pressure-outlet 21.
    80  1.3318e-03  5.1245e-06  5.5080e-06  1.0727e-05  1:13:40 3420

 Reversed flow on 24 faces (0.7% area) of pressure-outlet 21.
    81  1.2582e-03  4.8314e-06  5.2233e-06  1.0196e-05  1:13:44 3419

 Reversed flow on 24 faces (0.7% area) of pressure-outlet 21.
    82  1.1883e-03  4.5653e-06  4.9599e-06  9.6823e-06  1:13:51 3418

 Reversed flow on 24 faces (0.7% area) of pressure-outlet 21.
    83  1.1222e-03  4.3268e-06  4.7197e-06  9.1904e-06  1:13:46 3417

 Reversed flow on 24 faces (0.7% area) of pressure-outlet 21.
    84  1.0608e-03  4.1118e-06  4.5050e-06  8.7314e-06  1:13:57 3416

 Reversed flow on 24 faces (0.7% area) of pressure-outlet 21.
    85  1.0025e-03  3.9190e-06  4.3105e-06  8.2976e-06  1:13:59 3415

 Reversed flow on 24 faces (0.7% area) of pressure-outlet 21.
    86  9.4799e-04  3.7468e-06  4.1301e-06  7.8928e-06  1:13:57 3414

 Reversed flow on 24 faces (0.7% area) of pressure-outlet 21.
    87  8.9726e-04  3.5852e-06  3.9591e-06  7.5093e-06  1:13:48 3413

 Reversed flow on 24 faces (0.7% area) of pressure-outlet 21.
    88  8.4958e-04  3.4340e-06  3.7981e-06  7.1444e-06  1:13:46 3412

 Reversed flow on 24 faces (0.7% area) of pressure-outlet 21.

  iter  continuity  x-velocity  y-velocity  z-velocity     time/iter
    89  8.0480e-04  3.2936e-06  3.6469e-06  6.7991e-06  1:13:39 3411

 Reversed flow on 24 faces (0.7% area) of pressure-outlet 21.
    90  7.6257e-04  3.1619e-06  3.5037e-06  6.4682e-06  1:15:13 3410

 Reversed flow on 24 faces (0.7% area) of pressure-outlet 21.
    91  7.2336e-04  3.0375e-06  3.3675e-06  6.1504e-06  1:14:48 3409

 Reversed flow on 24 faces (0.7% area) of pressure-outlet 21.
    92  6.8648e-04  2.9214e-06  3.2364e-06  5.8453e-06  1:14:32 3408

 Reversed flow on 24 faces (0.7% area) of pressure-outlet 21.
    93  6.5130e-04  2.8118e-06  3.1080e-06  5.5544e-06  1:14:17 3407

 Reversed flow on 24 faces (0.7% area) of pressure-outlet 21.
    94  6.1811e-04  2.7077e-06  2.9854e-06  5.2768e-06  1:14:06 3406

 Reversed flow on 24 faces (0.7% area) of pressure-outlet 21.
    95  5.8702e-04  2.6080e-06  2.8692e-06  5.0104e-06  1:13:55 3405

 Reversed flow on 24 faces (0.7% area) of pressure-outlet 21.
    96  5.5791e-04  2.5147e-06  2.7577e-06  4.7558e-06  1:13:44 3404

 Reversed flow on 24 faces (0.7% area) of pressure-outlet 21.
    97  5.3033e-04  2.4269e-06  2.6488e-06  4.5136e-06  1:13:39 3403

 Reversed flow on 24 faces (0.7% area) of pressure-outlet 21.
    98  5.0410e-04  2.3440e-06  2.5449e-06  4.2822e-06  1:13:32 3402

 Reversed flow on 24 faces (0.7% area) of pressure-outlet 21.
    99  4.7900e-04  2.2648e-06  2.4446e-06  4.0601e-06  1:13:29 3401

 Reversed flow on 24 faces (0.7% area) of pressure-outlet 21.

  iter  continuity  x-velocity  y-velocity  z-velocity     time/iter
   100  4.5541e-04  2.1884e-06  2.3480e-06  3.8494e-06  1:13:25 3400

 Reversed flow on 24 faces (0.7% area) of pressure-outlet 21.
   101  4.3315e-04  2.1156e-06  2.2557e-06  3.6462e-06  1:13:22 3399

 Reversed flow on 24 faces (0.7% area) of pressure-outlet 21.
   102  4.1224e-04  2.0444e-06  2.1682e-06  3.4489e-06  1:13:19 3398

 Reversed flow on 24 faces (0.7% area) of pressure-outlet 21.
   103  3.9204e-04  1.9749e-06  2.0842e-06  3.2590e-06  1:13:15 3397

 Reversed flow on 24 faces (0.7% area) of pressure-outlet 21.
   104  3.7250e-04  1.9064e-06  2.0029e-06  3.0752e-06  1:13:13 3396

 Reversed flow on 24 faces (0.7% area) of pressure-outlet 21.
   105  3.5356e-04  1.8397e-06  1.9245e-06  2.8988e-06  1:13:10 3395

 Reversed flow on 24 faces (0.7% area) of pressure-outlet 21.
   106  3.3536e-04  1.7732e-06  1.8467e-06  2.7290e-06  1:17:05 3394

 Reversed flow on 24 faces (0.7% area) of pressure-outlet 21.
   107  3.1807e-04  1.7074e-06  1.7702e-06  2.5664e-06  1:16:15 3393

 Reversed flow on 24 faces (0.7% area) of pressure-outlet 21.
   108  3.0158e-04  1.6414e-06  1.6951e-06  2.4115e-06  1:15:38 3392

 Reversed flow on 24 faces (0.7% area) of pressure-outlet 21.
   109  2.8574e-04  1.5762e-06  1.6214e-06  2.2646e-06  1:15:05 3391

 Reversed flow on 24 faces (0.7% area) of pressure-outlet 21.
   110  2.7054e-04  1.5112e-06  1.5495e-06  2.1257e-06  1:14:36 3390

 Reversed flow on 24 faces (0.7% area) of pressure-outlet 21.

  iter  continuity  x-velocity  y-velocity  z-velocity     time/iter
   111  2.5585e-04  1.4467e-06  1.4787e-06  1.9937e-06  1:14:16 3389

 Reversed flow on 24 faces (0.7% area) of pressure-outlet 21.
   112  2.4168e-04  1.3826e-06  1.4090e-06  1.8683e-06  1:13:59 3388

 Reversed flow on 24 faces (0.7% area) of pressure-outlet 21.
   113  2.2800e-04  1.3195e-06  1.3400e-06  1.7496e-06  1:13:49 3387

 Reversed flow on 24 faces (0.7% area) of pressure-outlet 21.
   114  2.1483e-04  1.2566e-06  1.2722e-06  1.6366e-06  1:13:34 3386

 Reversed flow on 24 faces (0.7% area) of pressure-outlet 21.
   115  2.0208e-04  1.1934e-06  1.2057e-06  1.5294e-06  1:13:24 3385

 Reversed flow on 24 faces (0.7% area) of pressure-outlet 21.
   116  1.8982e-04  1.1307e-06  1.1401e-06  1.4287e-06  1:13:15 3384

 Reversed flow on 24 faces (0.7% area) of pressure-outlet 21.
   117  1.7809e-04  1.0687e-06  1.0764e-06  1.3342e-06  1:13:09 3383

 Reversed flow on 24 faces (0.7% area) of pressure-outlet 21.
   118  1.6692e-04  1.0080e-06  1.0149e-06  1.2455e-06  1:13:02 3382

 Reversed flow on 24 faces (0.7% area) of pressure-outlet 21.
   119  1.5633e-04  9.4876e-07  9.5527e-07  1.1627e-06  1:12:55 3381

 Reversed flow on 24 faces (0.7% area) of pressure-outlet 21.
   120  1.4625e-04  8.9108e-07  8.9727e-07  1.0854e-06  1:12:52 3380

 Reversed flow on 24 faces (0.7% area) of pressure-outlet 21.
   121  1.3670e-04  8.3547e-07  8.4119e-07  1.0135e-06  1:12:51 3379

 Reversed flow on 24 faces (0.7% area) of pressure-outlet 21.

  iter  continuity  x-velocity  y-velocity  z-velocity     time/iter
   122  1.2772e-04  7.8217e-07  7.8785e-07  9.4666e-07  1:12:47 3378

 Reversed flow on 24 faces (0.7% area) of pressure-outlet 21.
   123  1.1928e-04  7.3129e-07  7.3721e-07  8.8472e-07  1:12:45 3377

 Reversed flow on 24 faces (0.7% area) of pressure-outlet 21.
   124  1.1137e-04  6.8297e-07  6.8918e-07  8.2733e-07  1:12:43 3376

 Reversed flow on 24 faces (0.7% area) of pressure-outlet 21.
   125  1.0400e-04  6.3737e-07  6.4395e-07  7.7406e-07  1:12:42 3375

 Reversed flow on 24 faces (0.7% area) of pressure-outlet 21.
   126  9.7154e-05  5.9468e-07  6.0160e-07  7.2495e-07  1:12:41 3374

 Reversed flow on 24 faces (0.7% area) of pressure-outlet 21.
   127  9.0815e-05  5.5489e-07  5.6196e-07  6.7965e-07  1:12:41 3373

 Reversed flow on 24 faces (0.7% area) of pressure-outlet 21.
   128  8.4955e-05  5.1817e-07  5.2511e-07  6.3797e-07  1:12:41 3372

 Reversed flow on 24 faces (0.7% area) of pressure-outlet 21.
   129  7.9608e-05  4.8411e-07  4.9100e-07  5.9985e-07  1:12:41 3371

 Reversed flow on 24 faces (0.7% area) of pressure-outlet 21.
   130  7.4641e-05  4.5289e-07  4.5929e-07  5.6481e-07  1:12:36 3370

 Reversed flow on 24 faces (0.7% area) of pressure-outlet 21.
   131  7.0051e-05  4.2427e-07  4.2987e-07  5.3238e-07  1:12:37 3369

 Reversed flow on 24 faces (0.7% area) of pressure-outlet 21.
   132  6.5843e-05  3.9784e-07  4.0272e-07  5.0287e-07  1:12:34 3368

 Reversed flow on 24 faces (0.7% area) of pressure-outlet 21.

  iter  continuity  x-velocity  y-velocity  z-velocity     time/iter
   133  6.2023e-05  3.7390e-07  3.7792e-07  4.7564e-07  1:12:34 3367

 Reversed flow on 24 faces (0.7% area) of pressure-outlet 21.
   134  5.8406e-05  3.5238e-07  3.5532e-07  4.4657e-07  1:12:31 3366

 Reversed flow on 24 faces (0.7% area) of pressure-outlet 21.
   135  5.5125e-05  3.3264e-07  3.3427e-07  4.2042e-07  1:12:30 3365

 Reversed flow on 24 faces (0.7% area) of pressure-outlet 21.
   136  5.2108e-05  3.1454e-07  3.1467e-07  3.9641e-07  1:12:27 3364

 Reversed flow on 24 faces (0.7% area) of pressure-outlet 21.
   137  4.9309e-05  2.9797e-07  2.9661e-07  3.7409e-07  1:12:23 3363

 Reversed flow on 24 faces (0.7% area) of pressure-outlet 21.
   138  4.6699e-05  2.8280e-07  2.7994e-07  3.5344e-07  1:12:21 3362

 Reversed flow on 24 faces (0.7% area) of pressure-outlet 21.
   139  4.4269e-05  2.6886e-07  2.6456e-07  3.3406e-07  1:12:20 3361

 Reversed flow on 24 faces (0.7% area) of pressure-outlet 21.
   140  4.2000e-05  2.5610e-07  2.5027e-07  3.1588e-07  1:12:22 3360

 Reversed flow on 24 faces (0.7% area) of pressure-outlet 21.
   141  3.9877e-05  2.4422e-07  2.3699e-07  2.9884e-07  1:12:20 3359

 Reversed flow on 24 faces (0.7% area) of pressure-outlet 21.
   142  3.7895e-05  2.3307e-07  2.2457e-07  2.8296e-07  1:12:18 3358

 Reversed flow on 24 faces (0.7% area) of pressure-outlet 21.
   143  3.6027e-05  2.2247e-07  2.1301e-07  2.6806e-07  1:12:14 3357

 Reversed flow on 24 faces (0.7% area) of pressure-outlet 21.

  iter  continuity  x-velocity  y-velocity  z-velocity     time/iter
   144  3.4273e-05  2.1238e-07  2.0217e-07  2.5412e-07  1:12:15 3356

 Reversed flow on 24 faces (0.7% area) of pressure-outlet 21.
   145  3.2616e-05  2.0277e-07  1.9193e-07  2.4121e-07  1:12:16 3355

 Reversed flow on 24 faces (0.7% area) of pressure-outlet 21.
   146  3.1040e-05  1.9360e-07  1.8245e-07  2.2917e-07  1:12:12 3354

 Reversed flow on 24 faces (0.7% area) of pressure-outlet 21.
   147  2.9554e-05  1.8487e-07  1.7357e-07  2.1792e-07  1:12:09 3353

 Reversed flow on 24 faces (0.7% area) of pressure-outlet 21.
   148  2.8111e-05  1.7657e-07  1.6518e-07  2.0660e-07  1:12:08 3352

 Reversed flow on 24 faces (0.7% area) of pressure-outlet 21.
   149  2.6767e-05  1.6866e-07  1.5722e-07  1.9616e-07  1:12:07 3351

 Reversed flow on 24 faces (0.7% area) of pressure-outlet 21.
   150  2.5491e-05  1.6114e-07  1.4974e-07  1.8666e-07  1:12:06 3350

 Reversed flow on 24 faces (0.7% area) of pressure-outlet 21.
   151  2.4278e-05  1.5393e-07  1.4271e-07  1.7789e-07  1:12:06 3349

 Reversed flow on 24 faces (0.7% area) of pressure-outlet 21.
   152  2.3125e-05  1.4704e-07  1.3605e-07  1.6968e-07  1:12:06 3348

 Reversed flow on 24 faces (0.7% area) of pressure-outlet 21.
   153  2.2042e-05  1.4042e-07  1.2973e-07  1.6203e-07  1:12:04 3347

 Reversed flow on 24 faces (0.7% area) of pressure-outlet 21.
   154  2.1019e-05  1.3409e-07  1.2360e-07  1.5479e-07  1:12:00 3346

 Reversed flow on 24 faces (0.7% area) of pressure-outlet 21.

  iter  continuity  x-velocity  y-velocity  z-velocity     time/iter
   155  2.0067e-05  1.2802e-07  1.1773e-07  1.4813e-07  1:12:00 3345

 Reversed flow on 24 faces (0.7% area) of pressure-outlet 21.
   156  1.9159e-05  1.2220e-07  1.1211e-07  1.4154e-07  1:11:58 3344

 Reversed flow on 24 faces (0.7% area) of pressure-outlet 21.
   157  1.8286e-05  1.1664e-07  1.0678e-07  1.3495e-07  1:11:56 3343

 Reversed flow on 24 faces (0.7% area) of pressure-outlet 21.
   158  1.7477e-05  1.1129e-07  1.0170e-07  1.2897e-07  1:11:55 3342

 Reversed flow on 24 faces (0.7% area) of pressure-outlet 21.
   159  1.6719e-05  1.0616e-07  9.6851e-08  1.2351e-07  1:11:52 3341

 Reversed flow on 24 faces (0.7% area) of pressure-outlet 21.
   160  1.5996e-05  1.0127e-07  9.2243e-08  1.1831e-07  1:11:49 3340

 Reversed flow on 24 faces (0.7% area) of pressure-outlet 21.
   161  1.5320e-05  9.6639e-08  8.7892e-08  1.1340e-07  1:11:45 3339

 Reversed flow on 24 faces (0.7% area) of pressure-outlet 21.
   162  1.4688e-05  9.2251e-08  8.3802e-08  1.0877e-07  1:11:48 3338

 Reversed flow on 24 faces (0.7% area) of pressure-outlet 21.
   163  1.4097e-05  8.8079e-08  7.9958e-08  1.0446e-07  1:11:47 3337

 Reversed flow on 24 faces (0.7% area) of pressure-outlet 21.
   164  1.3545e-05  8.4164e-08  7.6364e-08  1.0041e-07  1:11:47 3336

 Reversed flow on 24 faces (0.7% area) of pressure-outlet 21.
   165  1.3028e-05  8.0538e-08  7.3022e-08  9.6627e-08  1:11:44 3335

 Reversed flow on 24 faces (0.7% area) of pressure-outlet 21.

  iter  continuity  x-velocity  y-velocity  z-velocity     time/iter
   166  1.2551e-05  7.7160e-08  6.9937e-08  9.3151e-08  1:11:42 3334

 Reversed flow on 24 faces (0.7% area) of pressure-outlet 21.
   167  1.2123e-05  7.3981e-08  6.7102e-08  8.9939e-08  1:11:42 3333

 Reversed flow on 24 faces (0.7% area) of pressure-outlet 21.
   168  1.1718e-05  7.0946e-08  6.4451e-08  8.6750e-08  1:11:44 3332

 Reversed flow on 24 faces (0.7% area) of pressure-outlet 21.
   169  1.1335e-05  6.8045e-08  6.2062e-08  8.3110e-08  1:11:42 3331

 Reversed flow on 24 faces (0.7% area) of pressure-outlet 21.
   170  1.0980e-05  6.5372e-08  5.9801e-08  7.9890e-08  1:11:41 3330

 Reversed flow on 24 faces (0.7% area) of pressure-outlet 21.
   171  1.0622e-05  6.2893e-08  5.7656e-08  7.6960e-08  1:11:39 3329

 Reversed flow on 24 faces (0.7% area) of pressure-outlet 21.
   172  1.0280e-05  6.0575e-08  5.5614e-08  7.4285e-08  1:11:38 3328

 Reversed flow on 24 faces (0.7% area) of pressure-outlet 21.
   173  9.9576e-06  5.8413e-08  5.3682e-08  7.1898e-08  1:11:35 3327

 Reversed flow on 24 faces (0.7% area) of pressure-outlet 21.
   174  9.6621e-06  5.6401e-08  5.1851e-08  6.9758e-08  1:11:32 3326

 Reversed flow on 24 faces (0.7% area) of pressure-outlet 21.
   175  9.3879e-06  5.4548e-08  5.0145e-08  6.7771e-08  1:11:31 3325

 Reversed flow on 24 faces (0.7% area) of pressure-outlet 21.
   176  9.1395e-06  5.2832e-08  4.8546e-08  6.5955e-08  1:11:31 3324

 Reversed flow on 24 faces (0.7% area) of pressure-outlet 21.

  iter  continuity  x-velocity  y-velocity  z-velocity     time/iter
   177  8.9102e-06  5.1233e-08  4.7042e-08  6.4360e-08  1:11:29 3323

 Reversed flow on 24 faces (0.7% area) of pressure-outlet 21.
   178  8.7027e-06  4.9790e-08  4.5658e-08  6.2963e-08  1:11:30 3322

 Reversed flow on 24 faces (0.7% area) of pressure-outlet 21.
   179  8.5161e-06  4.8472e-08  4.4392e-08  6.1769e-08  1:11:28 3321

 Reversed flow on 24 faces (0.7% area) of pressure-outlet 21.
   180  8.3507e-06  4.7272e-08  4.3229e-08  6.0760e-08  1:11:28 3320

 Reversed flow on 24 faces (0.7% area) of pressure-outlet 21.
   181  8.2016e-06  4.6181e-08  4.2175e-08  5.9818e-08  1:11:27 3319

 Reversed flow on 24 faces (0.7% area) of pressure-outlet 21.
   182  8.0698e-06  4.5177e-08  4.1216e-08  5.9081e-08  1:11:25 3318

 Reversed flow on 24 faces (0.7% area) of pressure-outlet 21.
   183  7.9505e-06  4.4244e-08  4.0336e-08  5.8482e-08  1:11:24 3317

 Reversed flow on 24 faces (0.7% area) of pressure-outlet 21.
   184  7.8295e-06  4.3202e-08  3.9533e-08  5.8005e-08  1:11:21 3316

 Reversed flow on 24 faces (0.7% area) of pressure-outlet 21.
   185  7.7118e-06  4.2184e-08  3.8740e-08  5.7659e-08  1:11:21 3315

 Reversed flow on 24 faces (0.7% area) of pressure-outlet 21.
   186  7.6010e-06  4.1171e-08  3.7992e-08  5.7347e-08  1:11:20 3314

 Reversed flow on 24 faces (0.7% area) of pressure-outlet 21.
   187  7.4994e-06  4.0184e-08  3.7309e-08  5.7100e-08  1:11:20 3313

 Reversed flow on 24 faces (0.7% area) of pressure-outlet 21.

  iter  continuity  x-velocity  y-velocity  z-velocity     time/iter
   188  7.4069e-06  3.9217e-08  3.6681e-08  5.7001e-08  1:11:17 3312

 Reversed flow on 24 faces (0.7% area) of pressure-outlet 21.
   189  7.3209e-06  3.8281e-08  3.6118e-08  5.7029e-08  1:11:17 3311

 Reversed flow on 24 faces (0.7% area) of pressure-outlet 21.
   190  7.2253e-06  3.7329e-08  3.5603e-08  5.7071e-08  1:11:15 3310

 Reversed flow on 24 faces (0.7% area) of pressure-outlet 21.
   191  7.1378e-06  3.6396e-08  3.5092e-08  5.7070e-08  1:11:16 3309

 Reversed flow on 24 faces (0.7% area) of pressure-outlet 21.
   192  7.0614e-06  3.5509e-08  3.4599e-08  5.7094e-08  1:11:14 3308

 Reversed flow on 24 faces (0.7% area) of pressure-outlet 21.
   193  6.9962e-06  3.4670e-08  3.4125e-08  5.7169e-08  1:11:14 3307

 Reversed flow on 24 faces (0.7% area) of pressure-outlet 21.
   194  6.9421e-06  3.3862e-08  3.3667e-08  5.7226e-08  1:11:10 3306

 Reversed flow on 24 faces (0.7% area) of pressure-outlet 21.
   195  6.8924e-06  3.3093e-08  3.3233e-08  5.7277e-08  1:11:10 3305

 Reversed flow on 24 faces (0.7% area) of pressure-outlet 21.
   196  6.8456e-06  3.2360e-08  3.2825e-08  5.7346e-08  1:11:08 3304

 Reversed flow on 24 faces (0.7% area) of pressure-outlet 21.
   197  6.7925e-06  3.1655e-08  3.2269e-08  5.7409e-08  1:11:06 3303

 Reversed flow on 24 faces (0.7% area) of pressure-outlet 21.
   198  6.7324e-06  3.0931e-08  3.1586e-08  5.7376e-08  1:11:06 3302

 Reversed flow on 24 faces (0.7% area) of pressure-outlet 21.

  iter  continuity  x-velocity  y-velocity  z-velocity     time/iter
   199  6.6906e-06  3.0174e-08  3.0970e-08  5.6987e-08  1:11:05 3301

 Reversed flow on 24 faces (0.7% area) of pressure-outlet 21.
   200  6.6535e-06  2.9451e-08  3.0543e-08  5.6458e-08  1:11:05 3300

 Reversed flow on 24 faces (0.7% area) of pressure-outlet 21.
   201  6.6163e-06  2.8742e-08  3.0221e-08  5.5780e-08  1:11:06 3299

 Reversed flow on 24 faces (0.7% area) of pressure-outlet 21.
   202  6.5493e-06  2.8046e-08  2.9821e-08  5.5020e-08  1:11:02 3298

 Reversed flow on 24 faces (0.7% area) of pressure-outlet 21.
   203  6.4434e-06  2.7400e-08  2.9223e-08  5.4260e-08  1:11:01 3297

 Reversed flow on 24 faces (0.7% area) of pressure-outlet 21.
   204  6.3518e-06  2.6758e-08  2.8588e-08  5.3122e-08  1:10:57 3296

 Reversed flow on 24 faces (0.7% area) of pressure-outlet 21.
   205  6.1979e-06  2.6042e-08  2.7868e-08  5.1592e-08  1:10:57 3295

 Reversed flow on 24 faces (0.7% area) of pressure-outlet 21.
   206  5.9853e-06  2.5275e-08  2.7039e-08  4.9693e-08  1:11:06 3294

 Reversed flow on 24 faces (0.7% area) of pressure-outlet 21.
   207  5.7357e-06  2.4489e-08  2.6115e-08  4.7495e-08  1:11:02 3293

 Reversed flow on 24 faces (0.7% area) of pressure-outlet 21.
   208  5.4684e-06  2.3708e-08  2.5119e-08  4.5151e-08  1:10:58 3292

 Reversed flow on 24 faces (0.7% area) of pressure-outlet 21.
   209  5.1988e-06  2.2903e-08  2.4117e-08  4.2820e-08  1:10:55 3291

 Reversed flow on 24 faces (0.7% area) of pressure-outlet 21.

  iter  continuity  x-velocity  y-velocity  z-velocity     time/iter
   210  4.9366e-06  2.2109e-08  2.3116e-08  4.0586e-08  1:10:53 3290

 Reversed flow on 24 faces (0.7% area) of pressure-outlet 21.
   211  4.6876e-06  2.1349e-08  2.2153e-08  3.8429e-08  1:10:53 3289

 Reversed flow on 24 faces (0.7% area) of pressure-outlet 21.
   212  4.4534e-06  2.0615e-08  2.1242e-08  3.6379e-08  1:10:51 3288

 Reversed flow on 24 faces (0.7% area) of pressure-outlet 21.
   213  4.2372e-06  1.9928e-08  2.0381e-08  3.4530e-08  1:10:50 3287

 Reversed flow on 24 faces (0.7% area) of pressure-outlet 21.
   214  4.0377e-06  1.9273e-08  1.9588e-08  3.2873e-08  1:10:47 3286

 Reversed flow on 24 faces (0.7% area) of pressure-outlet 21.
   215  3.8588e-06  1.8652e-08  1.8867e-08  3.1362e-08  1:10:45 3285

 Reversed flow on 24 faces (0.7% area) of pressure-outlet 21.
   216  3.6994e-06  1.8065e-08  1.8205e-08  3.0000e-08  1:10:42 3284

 Reversed flow on 24 faces (0.7% area) of pressure-outlet 21.
   217  3.5587e-06  1.7518e-08  1.7595e-08  2.8776e-08  1:10:41 3283

 Reversed flow on 24 faces (0.7% area) of pressure-outlet 21.
   218  3.4330e-06  1.7019e-08  1.7040e-08  2.7676e-08  1:10:40 3282

 Reversed flow on 24 faces (0.7% area) of pressure-outlet 21.
   219  3.3203e-06  1.6565e-08  1.6530e-08  2.6681e-08  1:10:38 3281

 Reversed flow on 24 faces (0.7% area) of pressure-outlet 21.
   220  3.2189e-06  1.6155e-08  1.6047e-08  2.5769e-08  1:10:38 3280

 Reversed flow on 24 faces (0.7% area) of pressure-outlet 21.

  iter  continuity  x-velocity  y-velocity  z-velocity     time/iter
   221  3.1288e-06  1.5790e-08  1.5582e-08  2.4942e-08  1:10:35 3279

 Reversed flow on 24 faces (0.7% area) of pressure-outlet 21.
   222  3.0516e-06  1.5463e-08  1.5165e-08  2.4214e-08  1:10:35 3278

 Reversed flow on 24 faces (0.7% area) of pressure-outlet 21.
   223  2.9858e-06  1.5185e-08  1.4796e-08  2.3582e-08  1:10:35 3277

 Reversed flow on 24 faces (0.7% area) of pressure-outlet 21.
   224  2.9302e-06  1.4946e-08  1.4470e-08  2.3028e-08  1:10:38 3276

 Reversed flow on 24 faces (0.7% area) of pressure-outlet 21.
   225  2.8862e-06  1.4745e-08  1.4188e-08  2.2558e-08  1:10:42 3275

 Reversed flow on 24 faces (0.7% area) of pressure-outlet 21.
   226  2.8524e-06  1.4582e-08  1.3955e-08  2.2173e-08  1:10:39 3274

 Reversed flow on 24 faces (0.7% area) of pressure-outlet 21.
   227  2.7968e-06  1.4458e-08  1.3764e-08  2.1419e-08  1:10:39 3273

 Reversed flow on 24 faces (0.7% area) of pressure-outlet 21.
   228  2.7510e-06  1.4320e-08  1.3543e-08  2.0975e-08  1:10:34 3272

 Reversed flow on 24 faces (0.7% area) of pressure-outlet 21.
   229  2.7038e-06  1.4181e-08  1.3292e-08  2.0519e-08  1:10:31 3271

 Reversed flow on 24 faces (0.7% area) of pressure-outlet 21.
   230  2.6507e-06  1.4056e-08  1.3018e-08  2.0069e-08  1:10:29 3270

 Reversed flow on 24 faces (0.7% area) of pressure-outlet 21.
   231  2.5956e-06  1.3950e-08  1.2724e-08  1.9594e-08  1:10:28 3269

 Reversed flow on 24 faces (0.7% area) of pressure-outlet 21.

  iter  continuity  x-velocity  y-velocity  z-velocity     time/iter
   232  2.5407e-06  1.3867e-08  1.2427e-08  1.9113e-08  1:10:34 3268

 Reversed flow on 24 faces (0.7% area) of pressure-outlet 21.
   233  2.4841e-06  1.3789e-08  1.2140e-08  1.8639e-08  1:10:46 3267

 Reversed flow on 24 faces (0.7% area) of pressure-outlet 21.
   234  2.4260e-06  1.3709e-08  1.1865e-08  1.8199e-08  1:10:40 3266

 Reversed flow on 24 faces (0.7% area) of pressure-outlet 21.
   235  2.3745e-06  1.3631e-08  1.1614e-08  1.7778e-08  1:10:33 3265

 Reversed flow on 24 faces (0.7% area) of pressure-outlet 21.
   236  2.3265e-06  1.3549e-08  1.1363e-08  1.7372e-08  1:11:47 3264

 Reversed flow on 24 faces (0.7% area) of pressure-outlet 21.
   237  2.2802e-06  1.3461e-08  1.1156e-08  1.6960e-08  1:12:38 3263

 Reversed flow on 24 faces (0.7% area) of pressure-outlet 21.
   238  2.2382e-06  1.3367e-08  1.0974e-08  1.6552e-08  1:12:42 3262

 Reversed flow on 24 faces (0.7% area) of pressure-outlet 21.
   239  2.2014e-06  1.3308e-08  1.0827e-08  1.6168e-08  1:12:09 3261

 Reversed flow on 24 faces (0.7% area) of pressure-outlet 21.
   240  2.1672e-06  1.3260e-08  1.0697e-08  1.5796e-08  1:11:44 3260

 Reversed flow on 24 faces (0.7% area) of pressure-outlet 21.
   241  2.1369e-06  1.3226e-08  1.0596e-08  1.5433e-08  1:11:23 3259

 Reversed flow on 24 faces (0.7% area) of pressure-outlet 21.
   242  2.1098e-06  1.3202e-08  1.0514e-08  1.5079e-08  1:11:06 3258

 Reversed flow on 24 faces (0.7% area) of pressure-outlet 21.

  iter  continuity  x-velocity  y-velocity  z-velocity     time/iter
   243  2.0864e-06  1.3192e-08  1.0454e-08  1.4752e-08  1:10:50 3257

 Reversed flow on 24 faces (0.7% area) of pressure-outlet 21.
   244  2.0652e-06  1.3191e-08  1.0411e-08  1.4466e-08  1:10:38 3256

 Reversed flow on 24 faces (0.7% area) of pressure-outlet 21.
   245  2.0474e-06  1.3206e-08  1.0384e-08  1.4190e-08  1:10:33 3255

 Reversed flow on 24 faces (0.7% area) of pressure-outlet 21.
   246  2.0332e-06  1.3241e-08  1.0370e-08  1.3937e-08  1:10:35 3254

 Reversed flow on 24 faces (0.7% area) of pressure-outlet 21.
   247  2.0215e-06  1.3298e-08  1.0370e-08  1.3704e-08  1:10:26 3253

 Reversed flow on 24 faces (0.7% area) of pressure-outlet 21.
   248  2.0127e-06  1.3376e-08  1.0386e-08  1.3502e-08  1:10:20 3252

 Reversed flow on 24 faces (0.7% area) of pressure-outlet 21.
   249  2.0067e-06  1.3478e-08  1.0414e-08  1.3322e-08  1:10:14 3251

 Reversed flow on 24 faces (0.7% area) of pressure-outlet 21.
   250  2.0034e-06  1.3602e-08  1.0455e-08  1.3197e-08  1:10:08 3250

 Reversed flow on 24 faces (0.7% area) of pressure-outlet 21.
   251  2.0018e-06  1.3752e-08  1.0511e-08  1.3094e-08  1:10:01 3249

 Reversed flow on 24 faces (0.7% area) of pressure-outlet 21.
   252  2.0022e-06  1.3926e-08  1.0583e-08  1.3009e-08  1:09:57 3248

 Reversed flow on 24 faces (0.7% area) of pressure-outlet 21.
   253  2.0047e-06  1.4135e-08  1.0673e-08  1.2949e-08  1:09:54 3247

 Reversed flow on 24 faces (0.7% area) of pressure-outlet 21.

  iter  continuity  x-velocity  y-velocity  z-velocity     time/iter
   254  2.0043e-06  1.4310e-08  1.0778e-08  1.2930e-08  1:09:50 3246

 Reversed flow on 24 faces (0.7% area) of pressure-outlet 21.
   255  1.9626e-06  1.3975e-08  1.0883e-08  1.2921e-08  1:09:47 3245

 Reversed flow on 24 faces (0.7% area) of pressure-outlet 21.
   256  1.9296e-06  1.3786e-08  1.0923e-08  1.2838e-08  1:09:49 3244

 Reversed flow on 24 faces (0.7% area) of pressure-outlet 21.
   257  1.9011e-06  1.3640e-08  1.0967e-08  1.2724e-08  1:09:47 3243

 Reversed flow on 24 faces (0.7% area) of pressure-outlet 21.
   258  1.8768e-06  1.3550e-08  1.1013e-08  1.2603e-08  1:09:43 3242

 Reversed flow on 24 faces (0.7% area) of pressure-outlet 21.
   259  1.8539e-06  1.3570e-08  1.1061e-08  1.2484e-08  1:09:43 3241

 Reversed flow on 24 faces (0.7% area) of pressure-outlet 21.
   260  1.8248e-06  1.3211e-08  1.1085e-08  1.2354e-08  1:09:40 3240

 Reversed flow on 24 faces (0.7% area) of pressure-outlet 21.
   261  1.7941e-06  1.2684e-08  1.1056e-08  1.2217e-08  1:09:38 3239

 Reversed flow on 24 faces (0.7% area) of pressure-outlet 21.
   262  1.7611e-06  1.2155e-08  1.0950e-08  1.2060e-08  1:09:37 3238

 Reversed flow on 24 faces (0.7% area) of pressure-outlet 21.
   263  1.7225e-06  1.1672e-08  1.0776e-08  1.1897e-08  1:13:17 3237

 Reversed flow on 24 faces (0.7% area) of pressure-outlet 21.
   264  1.6786e-06  1.1244e-08  1.0545e-08  1.1713e-08  1:12:33 3236

 Reversed flow on 24 faces (0.7% area) of pressure-outlet 21.

  iter  continuity  x-velocity  y-velocity  z-velocity     time/iter
   265  1.6334e-06  1.0852e-08  1.0275e-08  1.1484e-08  1:11:53 3235

 Reversed flow on 24 faces (0.7% area) of pressure-outlet 21.
   266  1.5909e-06  1.0495e-08  9.9873e-09  1.1216e-08  1:12:14 3234

 Reversed flow on 24 faces (0.7% area) of pressure-outlet 21.
   267  1.5475e-06  1.0162e-08  9.6931e-09  1.0915e-08  1:11:51 3233

 Reversed flow on 24 faces (0.7% area) of pressure-outlet 21.
   268  1.5039e-06  9.8439e-09  9.4084e-09  1.0591e-08  1:11:19 3232

 Reversed flow on 24 faces (0.7% area) of pressure-outlet 21.
   269  1.4602e-06  9.5441e-09  9.1271e-09  1.0253e-08  1:10:56 3231

 Reversed flow on 24 faces (0.7% area) of pressure-outlet 21.
   270  1.4167e-06  9.2561e-09  8.8492e-09  9.9204e-09  1:10:42 3230

 Reversed flow on 24 faces (0.7% area) of pressure-outlet 21.
   271  1.3725e-06  8.9737e-09  8.5728e-09  9.6015e-09  1:10:29 3229

 Reversed flow on 24 faces (0.7% area) of pressure-outlet 21.
   272  1.3285e-06  8.6940e-09  8.3165e-09  9.2963e-09  1:10:14 3228

 Reversed flow on 24 faces (0.7% area) of pressure-outlet 21.
   273  1.2851e-06  8.4180e-09  8.0649e-09  9.0091e-09  1:10:03 3227

 Reversed flow on 24 faces (0.7% area) of pressure-outlet 21.
   274  1.2432e-06  8.1453e-09  7.8137e-09  8.7276e-09  1:09:52 3226

 Reversed flow on 24 faces (0.7% area) of pressure-outlet 21.
   275  1.2038e-06  7.8797e-09  7.5781e-09  8.4692e-09  1:09:43 3225

 Reversed flow on 24 faces (0.7% area) of pressure-outlet 21.

  iter  continuity  x-velocity  y-velocity  z-velocity     time/iter
   276  1.1661e-06  7.6213e-09  7.3428e-09  8.2201e-09  1:09:38 3224

 Reversed flow on 24 faces (0.7% area) of pressure-outlet 21.
   277  1.1296e-06  7.3690e-09  7.1058e-09  7.9803e-09  1:09:32 3223

 Reversed flow on 24 faces (0.7% area) of pressure-outlet 21.
   278  1.0951e-06  7.1253e-09  6.8727e-09  7.7413e-09  1:09:26 3222

 Reversed flow on 24 faces (0.7% area) of pressure-outlet 21.
   279  1.0617e-06  6.8890e-09  6.6423e-09  7.5042e-09  1:09:25 3221

 Reversed flow on 24 faces (0.7% area) of pressure-outlet 21.
   280  1.0293e-06  6.6604e-09  6.4164e-09  7.2681e-09  1:09:23 3220

 Reversed flow on 24 faces (0.7% area) of pressure-outlet 21.
   281  9.9783e-07  6.4411e-09  6.1943e-09  7.0349e-09  1:09:20 3219
!  281 solution is converged

> 
adjoint/                parallel/               server/
define/                 parametric-study/       solve/
display/                plot/                   surface/
exit                    preferences/            turbo-setup/
file/                   print-license-usage     views/
mesh/                   report/

> ; ===========================================================
; DATA EXPORT
; ===========================================================

adjoint/                parallel/               server/
define/                 parametric-study/       solve/
display/                plot/                   surface/
exit                    preferences/            turbo-setup/
file/                   print-license-usage     views/
mesh/                   report/

> /surface/zone-surface interior-data fluid_domain

> 
adjoint/                parallel/               server/
define/                 parametric-study/       solve/
display/                plot/                   surface/
exit                    preferences/            turbo-setup/
file/                   print-license-usage     views/
mesh/                   report/

> ; Save case and data
/file/write-case-data "results/coronary_extracted_vessel/Re500/bifurcation_Re500.cas.h5"Fast-loading "C:\PROGRA~1\ANSYSI~1\v252\fluent\fluent25.2.0\\addons\afd\lib\hdfio.bin"
Done.

Writing to DESKTOP-BBN4MI6:"C:\Users\radie\Desktop\1_TrainingSIMS\realbifurcationSIM\results/coronary_extracted_vessel/Re500/bifurcation_Re500.cas.h5" in NODE0 mode and compression level 1 ...
Grouping cells for Laplace smoothing ...
      567668 cells,     1 zone  ...
     1279652 faces,     5 zones ...
      211243 nodes,     1 zone  ...
  Done.
Done.

Writing to DESKTOP-BBN4MI6:"C:\Users\radie\Desktop\1_TrainingSIMS\realbifurcationSIM\results/coronary_extracted_vessel/Re500/bifurcation_Re500.dat.h5" in NODE0 mode and compression level 1 ...
  Writing results.
Done.


> 
adjoint/                parallel/               server/
define/                 parametric-study/       solve/
display/                plot/                   surface/
exit                    preferences/            turbo-setup/
file/                   print-license-usage     views/
mesh/                   report/

> ; Export interior field data
/file/export/ascii "results/coronary_extracted_vessel/Re500/interior_full_Re500.csv" interior-data () no x-coordinate y-coordinate z-coordinate pressure x-velocity y-velocity z-velocity velocity-magnitude ()

Location/Cell-Centered?,
if Cell-Centered not chosen, node values of scalars are reported [no] ; Respond to the single prompt:
; Location/Cell-Centered? [no]
no

Writing "results/coronary_extracted_vessel/Re500/interior_full_Re500.csv"...

Writing information to ascii file ...
Done.


> 
adjoint/                parallel/               server/
define/                 parametric-study/       solve/
display/                plot/                   surface/
exit                    preferences/            turbo-setup/
file/                   print-license-usage     views/
mesh/                   report/

> ; Export wall data
/file/export/ascii "results/coronary_extracted_vessel/Re500/wall_data_Re500.csv" wall-fluid_domain () no x-coordinate y-coordinate z-coordinate pressure wall-shear x-wall-shear y-wall-shear z-wall-shear ()

Location/Cell-Centered?,
if Cell-Centered not chosen, node values of scalars are reported [no] ; Location/Cell-Centered? [no]
no

Writing "results/coronary_extracted_vessel/Re500/wall_data_Re500.csv"...

Writing information to ascii file ...
Done.


> 
adjoint/                parallel/               server/
define/                 parametric-study/       solve/
display/                plot/                   surface/
exit                    preferences/            turbo-setup/
file/                   print-license-usage     views/
mesh/                   report/

> ; Export outlet data
/file/export/ascii "results/coronary_extracted_vessel/Re500/outlets_Re500.csv" outlet_1 outlet_2 () no x-coordinate y-coordinate z-coordinate pressure velocity-magnitude ()

Location/Cell-Centered?,
if Cell-Centered not chosen, node values of scalars are reported [no] ; Location/Cell-Centered? [no]
no

Writing "results/coronary_extracted_vessel/Re500/outlets_Re500.csv"...

Writing information to ascii file ...
Done.


> 
adjoint/                parallel/               server/
define/                 parametric-study/       solve/
display/                plot/                   surface/
exit                    preferences/            turbo-setup/
file/                   print-license-usage     views/
mesh/                   report/

> /exit 
Posting ANSYS Product Improvement Program performance data 
Done.
Auto-Transcript Stop Time:  22:01:29, 22 Feb 2026 E. Australia Standard Time 
Total Transcript Time: 6 Minute 49 Second.

Automatic transcript closed.
